[efz_netplay_mod] logger initialized
[efz_netplay_mod][pid=7156] CrashHandler: installed (mode=host dir='C:\Users\PC\Desktop\EFZ - Copy\mods\efz_netplay_mod' vectored=0CF47538)
[efz_netplay_mod][pid=7156] Module attached at 74460000
[efz_netplay_mod][pid=7156] DetectRevivalVersion: matched timestamp 0x5EA876B0 → 1.02e
[efz_netplay_mod][pid=7156] Takeover: host revival base=0x6C240000
[efz_netplay_mod][pid=7156] Takeover: patched EfzRevival.dll null-guard at +0x21E0
[efz_netplay_mod][pid=7156] Takeover: local init(2,102) result=42728184
[efz_netplay_mod][pid=7156] PatchRevivalDllExitProcess: patched IAT entry orig=0x75376A20 stub=0x7447FA00
[efz_netplay_mod][pid=7156] InstallNetplayFrameHook: installed at DLL RVA 0x6E590, trampoline at 7456BCF4
[efz_netplay_mod][pid=7156] InstallNetplayFrameHook: fixed up trampoline E8/E9 at +1: origDisp=0xFFFFF29A newDisp=0xF7D41AD2 absTarget=6C2AD810
[efz_netplay_mod][pid=7156] InstallNetplayFrameHook: per-frame tick hook installed at DLL RVA 0x6E570, trampoline at 7456BD38
[efz_netplay_mod][pid=7156] Takeover: host initialized
[efz_netplay_mod][pid=7156] SessionBridge: initialized (role=host, reason=startup)
[efz_netplay_mod][pid=7156] StateExport: initialized (shm=ok, view=0DEA0000)
[efz_netplay_mod][pid=7156] InstallHooks: module directory 'C:\Users\PC\Desktop\EFZ - Copy\mods\efz_netplay_mod'
[efz_netplay_mod][pid=7156] ResolveNetplayBackgroundPath: searching for netplay_bg.dat
[efz_netplay_mod][pid=7156] ResolveNetplayBackgroundPath: [DLL dir] probing 'C:\Users\PC\Desktop\EFZ - Copy\mods\efz_netplay_mod\assets\netplay_bg.dat'
[efz_netplay_mod][pid=7156] ResolveNetplayBackgroundPath: using 'C:\Users\PC\Desktop\EFZ - Copy\mods\efz_netplay_mod\assets\netplay_bg.dat'
[efz_netplay_mod][pid=7156] InstallHooks: netplay assets verified at 'C:\Users\PC\Desktop\EFZ - Copy\mods\efz_netplay_mod\assets\netplay_bg.dat'
[efz_netplay_mod][pid=7156] ValidateMenuSpecs: row-slot map valid
[efz_netplay_mod][pid=7156] Patched 'wrap compare 6->7' at 0x0077612E
[efz_netplay_mod][pid=7156] Patched 'wrap clamp 6->7' at 0x0077614B
[efz_netplay_mod][pid=7156] Patched 'switch compare 6->7' at 0x007761D5
[efz_netplay_mod][pid=7156] Patched 'panel dest height 98->112' at 0x00776578
[efz_netplay_mod][pid=7156] Patched 'panel src height 98->112' at 0x007765A3
[efz_netplay_mod][pid=7156] Patched 'panel dest top 130->123' at 0x007765A7
[efz_netplay_mod][pid=7156] Patched 'highlight src base 98->112' at 0x0077664A
[efz_netplay_mod][pid=7156] Patched 'highlight screen base 130->123' at 0x00776696
[efz_netplay_mod][pid=7156] Patched 'switch dispatch table -> custom' at 0x007761E5
[efz_netplay_mod][pid=7156] Patched 'title vtable render -> hook' at 0x00789980
[efz_netplay_mod][pid=7156] Patched 'title vtable update -> hook' at 0x00789984
[efz_netplay_mod][pid=7156] InstallHooks: success (title update=0x00775FB0 netplayAssets=1)
[efz_netplay_mod][pid=7156] InstallHooks succeeded
[efz_netplay_mod][pid=7156] SCREEN_MONITOR: index 255 -> 0 tick=1 mode=0/4 screenObj=0x0E2E6A78 charselect(init=1 exit=0 obj=0x0E2E6ED0)
[efz_netplay_mod][pid=7156] TICK_HOOK: *** ECX MISMATCH *** frameTick=1 exeECX=0x0E2E6A78 dllSession=0x0D5A60C8 — overriding ECX with current session
[efz_netplay_mod][pid=7156] TICK_HOOK: current session vtable=0x6C2D0404 (RVA=0x90404)
[efz_netplay_mod][pid=7156] DIAG[tick_ecx_mismatch]: dllExitPatchesSaved=0 tournamentPatchesSaved=0 renderContextSaved=0 savedRenderCtx=0x00000000
[efz_netplay_mod][pid=7156] DIAG[tick_ecx_mismatch]: dllBase=0x6C240000 roleFlag=2 sessionPtr=0x0D5A60C8 renderCtx=0x74AF6BC8 globalState=0x02780048
[efz_netplay_mod][pid=7156] DIAG[tick_ecx_mismatch]: session vtable=0x6C2D0404 initComplete=46 activePlayer=0
[efz_netplay_mod][pid=7156] DIAG[tick_ecx_mismatch]: exitPatch[0] RVA=0x7909D byte=0x74 expected=0x74
[efz_netplay_mod][pid=7156] DIAG[tick_ecx_mismatch]: exitPatch[1] RVA=0x7215D byte=0x75 expected=0x75
[efz_netplay_mod][pid=7156] DIAG[tick_ecx_mismatch]: exitPatch[2] RVA=0x7231F byte=0x74 expected=0x74
[efz_netplay_mod][pid=7156] DIAG[tick_ecx_mismatch]: nearJccPatch[0] RVA=0x7251B bytes=0F 84
[efz_netplay_mod][pid=7156] DIAG[tick_ecx_mismatch]: nearJccPatch[1] RVA=0x7252E bytes=0F 84
[efz_netplay_mod][pid=7156] DIAG[tick_ecx_mismatch]: nearJccPatch[2] RVA=0x742E1 bytes=0F 84
[efz_netplay_mod][pid=7156] DIAG[tick_ecx_mismatch]: nearJccPatch[3] RVA=0x742F4 bytes=0F 84
[efz_netplay_mod][pid=7156] DIAG[tick_ecx_mismatch]: nearJccPatch[4] RVA=0x74301 bytes=0F 84
[efz_netplay_mod][pid=7156] DIAG[tick_ecx_mismatch]: localRoleFlag=2 localInitApplied=0 exitIntercepted=0 exitMode=-1 frameHookInstalled=1 frameRecoveryPending=0 forceLocalPlayInitCount=0
[efz_netplay_mod][pid=7156] DIAG[tick_ecx_mismatch]: revivalProcess=0x00000000 revivalPid=0 lastValidatedSession=0x0D5A60C8 lastSessionPtrOffset=0xA02CC
[efz_netplay_mod][pid=7156] TICK_HOOK: heartbeat frameTick=1 session=0x0D5A60C8 exeECX=0x0E2E6A78 match=0
[efz_netplay_mod][pid=7156] StateExport: heartbeat seq=1 activity=0 menu=0 screen=0 mode=0 phase=0 role=0 side=-1 p1Wins=0 p2Wins=0 ping=-1 delay=-1 local='' p1='' p2='' revival='1.02e' caps=0x21 sessionId=0 setId=0 endReason=0
[efz_netplay_mod][pid=7156] NetplayCaseImpl: invoked
[efz_netplay_mod][pid=7156] TriggerNetplayMenuEntry: titleSelection=5 screenContext=0x0E2E6A78
[efz_netplay_mod][pid=7156] PlayUiSound: sfx=6 gameSystem=0x02780048
[efz_netplay_mod][pid=7156] EnterNetplayMenu: request active=0 skipFadeOut=0
[efz_netplay_mod][pid=7156] RunTransitionFadeOut: begin palette=237922982 baseVolume=0 volumeAdjustment=0
[efz_netplay_mod][pid=7156] RunTransitionFadeOut: complete result=1
[efz_netplay_mod][pid=7156] LoadNetplayAssets: begin (screenContext=0x0E2E6A78)
[efz_netplay_mod][pid=7156] ResolveNetplayBackgroundPath: searching for netplay_bg.dat
[efz_netplay_mod][pid=7156] ResolveNetplayBackgroundPath: [DLL dir] probing 'C:\Users\PC\Desktop\EFZ - Copy\mods\efz_netplay_mod\assets\netplay_bg.dat'
[efz_netplay_mod][pid=7156] ResolveNetplayBackgroundPath: using 'C:\Users\PC\Desktop\EFZ - Copy\mods\efz_netplay_mod\assets\netplay_bg.dat'
[efz_netplay_mod][pid=7156] ResolveNetplayObjectsPath: searching for netplay objects
[efz_netplay_mod][pid=7156] ResolveNetplayObjectsPath: [DLL dir] probing 'C:\Users\PC\Desktop\EFZ - Copy\mods\efz_netplay_mod\assets\netplay_ob.dat'
[efz_netplay_mod][pid=7156] ResolveNetplayObjectsPath: using 'C:\Users\PC\Desktop\EFZ - Copy\mods\efz_netplay_mod\assets\netplay_ob.dat'
[efz_netplay_mod][pid=7156] ParseEfzDatImage: parsed 'C:\Users\PC\Desktop\EFZ - Copy\mods\efz_netplay_mod\assets\netplay_ob.dat' size=154370 firstByte=255 headerOffset=766 width=320 height=480 transparentSrc=20 hasTransparent=1 method=near_magenta exact=0 near=1
[efz_netplay_mod][pid=7156] LoadNetplayAssets: derived source transparent index=20 from netplay_ob.dat
[efz_netplay_mod][pid=7156] LoadNetplayAssets: derived netplay_ob layout srcY[261..387] dstY[95..221] rowH=14 width=320
[efz_netplay_mod][pid=7156] LoadNetplayAssets: forcing transparent color=213 (src=20 + offset=193)
[efz_netplay_mod][pid=7156] LoadNetplayAssets: done bg='C:\Users\PC\Desktop\EFZ - Copy\mods\efz_netplay_mod\assets\netplay_bg.dat' obj='C:\Users\PC\Desktop\EFZ - Copy\mods\efz_netplay_mod\assets\netplay_ob.dat' (palette bg=1 obj=1 transparent=213)
[efz_netplay_mod][pid=7156] LoadNetplayAssets: object profile colorOffset=193 paletteStart=193 paletteCount=48 configStyle=1 optionCount=5 backIndex=4
[efz_netplay_mod][pid=7156] LoadNetplaySpriteFont: no sprite font map found (runtime text disabled)
[efz_netplay_mod][pid=7156] LoadNetplayAssets: sprite font unavailable, using object-sheet-only rendering
[efz_netplay_mod][pid=7156] LoadNetplayMenuSettingsFromIni: loaded Network.Name='Player'
[efz_netplay_mod][pid=7156] LoadNetplayMenuSettingsFromIni: loaded Network.Port=10800
[efz_netplay_mod][pid=7156] ResetTitleMenuState: selection=0 menuState=0 initState=0 exitState=0
[efz_netplay_mod][pid=7156] NetplayMenuSwitch: menu=Main selection=0 count=5 row=0(ROW_HOST) entry=HOST
[efz_netplay_mod][pid=7156] InstallNetplayWindowHook: hwnd=0x000D0608 originalProc=0x74A5C600
[efz_netplay_mod][pid=7156] RunTransitionFadeIn: begin palette=237922982
[efz_netplay_mod][pid=7156] RunTransitionFadeIn: complete result=1
[efz_netplay_mod][pid=7156] EnterNetplayMenu: active menu=Main selection=0 bgmTrack=8 configStyle=1 optionCount=5 backIndex=4 skipFadeOut=0
[efz_netplay_mod][pid=7156] HookedTitleUpdateImpl: title confirm edge selection=0
[efz_netplay_mod][pid=7156] Takeover: host revival base=0x6C240000
[efz_netplay_mod][pid=7156] StateExport: flow menu=0->1 charsel=0->0 match=0->0 screen=0 mode=0 phase=0 role=0 p1Wins=0 p2Wins=0
[efz_netplay_mod][pid=7156] StateExport: activity 0->1 screen=0 mode=0 phase=0 role=0 side=-1 p1='' p2='' caps=0xB1 sessionId=0 setId=0 seq=322
[efz_netplay_mod][pid=7156] NetplayInput: P1(h=0 v=0 c=0 b=0) P2(h=0 v=0 c=0 b=0)
[efz_netplay_mod][pid=7156] NetplayFrame: updates=1 menu=Main selection=0 row=0(ROW_HOST) inactivity=0 slide=0 nativeSlideRaw=0 nativeSlideScaled=0
[efz_netplay_mod][pid=7156] NetplayInput: P1(h=0 v=1 c=0 b=0) P2(h=0 v=0 c=0 b=0)
[efz_netplay_mod][pid=7156] PlayUiSound: sfx=8 gameSystem=0x02780048
[efz_netplay_mod][pid=7156] NetplaySelection: player=0 menu=Main from=0 to=1 row=1(ROW_JOIN) label=JOIN inputV=1
[efz_netplay_mod][pid=7156] NetplayInput: P1(h=0 v=0 c=0 b=0) P2(h=0 v=0 c=0 b=0)
[efz_netplay_mod][pid=7156] NetplayInput: P1(h=0 v=1 c=0 b=0) P2(h=0 v=0 c=0 b=0)
[efz_netplay_mod][pid=7156] PlayUiSound: sfx=8 gameSystem=0x02780048
[efz_netplay_mod][pid=7156] NetplaySelection: player=0 menu=Main from=1 to=2 row=5(ROW_RESERVED5) label=LOBBY inputV=1
[efz_netplay_mod][pid=7156] NetplayInput: P1(h=0 v=0 c=0 b=0) P2(h=0 v=0 c=0 b=0)
[efz_netplay_mod][pid=7156] NetplayInput: P1(h=0 v=0 c=1 b=0) P2(h=0 v=0 c=0 b=0)
[efz_netplay_mod][pid=7156] PlayUiSound: sfx=6 gameSystem=0x02780048
[efz_netplay_mod][pid=7156] NetplayConfirm: player=0 menu=Main selection=2 row=5(ROW_RESERVED5) label=LOBBY action=OpenLobby
[efz_netplay_mod][pid=7156] NetplayAction: menu=Main selection=2 row=5(ROW_RESERVED5) action=OpenLobby
[efz_netplay_mod][pid=7156] NetplaySlide(native): start from=Main(2) to=Lobby(0) dir=1
[efz_netplay_mod][pid=7156] SwitchToMenu: entering Lobby, creating session for 'Player' port=10800
[efz_netplay_mod][pid=7156] LobbySession::PollThread: entering
[efz_netplay_mod][pid=7156] LobbySession: started for nickname='Player'
[efz_netplay_mod][pid=7156] NetplayMenuSwitch: menu=Lobby selection=0 count=1 row=7(ROW_RETURN) entry=BACK
[efz_netplay_mod][pid=7156] LobbySession: endpoint config override=0 baseUrl='' proxyOverride=0 proxyBaseUrl='' forceWinInet=0 forceEmbeddedTls=0 tlsVerify=0 embeddedAvailable=1
[efz_netplay_mod][pid=7156] NetplaySlide(native): complete menu=Lobby selection=0
[efz_netplay_mod][pid=7156] AcquireMenuDrawSurfaceLock: locked backbuffer surface (surface=0x0CF3EEA8 size=640x480 pitch=640)
[efz_netplay_mod][pid=7156] AcquireMenuDrawSurfaceLock: backbuffer surface details size=640x480 pitch=640 (lockW=0 lockH=480)
[efz_netplay_mod][pid=7156] OverlayTextPalette: selected=224 rgb=(255,255,255) normal=217 rgb=(160,160,160) transparent=213
[efz_netplay_mod][pid=7156] NetplayInput: P1(h=0 v=0 c=0 b=0) P2(h=0 v=0 c=0 b=0)
[efz_netplay_mod][pid=7156] LobbySession::DoHttpGet: backend=EmbeddedTLS endpoint=primary verify=0
[efz_netplay_mod][pid=7156] LobbySession::DoJoin: response='{"alias":"EFZ","challenges":[],"id":4877,"idle":[["Player",3]],"msg":3,"playing":[["Aquatic_mod","Aquatic",1,2,"91.214.211.2:10800"]],"secret":9417,"status":"OK","type":"Private"}
'
[efz_netplay_mod][pid=7156] LobbySession::PollThread: joined lobby id=4877 playerId=3
[efz_netplay_mod][pid=7156] LobbySession::DiscoverPublicIp: resolved=91.214.211.2
[efz_netplay_mod][pid=7156] NetplayFrame: updates=93 menu=Lobby selection=0 row=7(ROW_RETURN) inactivity=67 slide=0 nativeSlideRaw=0 nativeSlideScaled=0
[efz_netplay_mod][pid=7156] LobbySession::DoPollStatus: response='{"alias":"EFZ","challenges":[],"id":4877,"idle":[["Player",3]],"msg":"OK","playing":[["Aquatic_mod","Aquatic",1,2,"91.214.211.2:10800"]],"status":"OK"}
'
[efz_netplay_mod][pid=7156] HookedTitleUpdateImpl: calls=300 netplayActive=1
[efz_netplay_mod][pid=7156] StateExport: heartbeat seq=600 activity=1 menu=1 screen=0 mode=0 phase=0 role=0 side=-1 p1Wins=0 p2Wins=0 ping=-1 delay=-1 local='' p1='' p2='' revival='1.02e' caps=0xB1 sessionId=0 setId=0 endReason=0
[efz_netplay_mod][pid=7156] LobbySession::DoPollStatus: response='{"alias":"EFZ","challenges":[],"id":4877,"idle":[["Player",3]],"msg":"OK","playing":[["Aquatic_mod","Aquatic",1,2,"91.214.211.2:10800"]],"status":"OK"}
'
[efz_netplay_mod][pid=7156] NetplayFrame: updates=220 menu=Lobby selection=0 row=6(ROW_RESERVED6) inactivity=194 slide=0 nativeSlideRaw=0 nativeSlideScaled=0
[efz_netplay_mod][pid=7156] LobbySession::DoPollStatus: response='{"alias":"EFZ","challenges":[],"id":4877,"idle":[["Player",3]],"msg":"OK","playing":[["Aquatic_mod","Aquatic",1,2,"91.214.211.2:10800"]],"status":"OK"}
'
[efz_netplay_mod][pid=7156] NetplayFrame: updates=348 menu=Lobby selection=0 row=6(ROW_RESERVED6) inactivity=322 slide=0 nativeSlideRaw=0 nativeSlideScaled=0
[efz_netplay_mod][pid=7156] LobbySession::DoPollStatus: response='{"alias":"EFZ","challenges":[],"id":4877,"idle":[["Player",3]],"msg":"OK","playing":[["Aquatic_mod","Aquatic",1,2,"91.214.211.2:10800"]],"status":"OK"}
'
[efz_netplay_mod][pid=7156] TICK_HOOK: heartbeat frameTick=600 session=0x0D5A60C8 exeECX=0x0E2E6A78 match=0
[efz_netplay_mod][pid=7156] HookedTitleUpdateImpl: calls=600 netplayActive=1
[efz_netplay_mod][pid=7156] StateExport: heartbeat seq=1200 activity=1 menu=1 screen=0 mode=0 phase=0 role=0 side=-1 p1Wins=0 p2Wins=0 ping=-1 delay=-1 local='' p1='' p2='' revival='1.02e' caps=0xB1 sessionId=0 setId=0 endReason=0
[efz_netplay_mod][pid=7156] NetplayFrame: updates=476 menu=Lobby selection=0 row=6(ROW_RESERVED6) inactivity=450 slide=0 nativeSlideRaw=0 nativeSlideScaled=0
[efz_netplay_mod][pid=7156] LobbySession::DoPollStatus: response='{"alias":"EFZ","challenges":[],"id":4877,"idle":[["Player",3]],"msg":"OK","playing":[["Aquatic_mod","Aquatic",1,2,"91.214.211.2:10800"]],"status":"OK"}
'
[efz_netplay_mod][pid=7156] NetplayFrame: updates=604 menu=Lobby selection=0 row=6(ROW_RESERVED6) inactivity=578 slide=0 nativeSlideRaw=0 nativeSlideScaled=0
[efz_netplay_mod][pid=7156] LobbySession::DoPollStatus: response='{"alias":"EFZ","challenges":[],"id":4877,"idle":[["Player",3]],"msg":"OK","playing":[["Aquatic_mod","Aquatic",1,2,"91.214.211.2:10800"]],"status":"OK"}
'
[efz_netplay_mod][pid=7156] NetplayFrame: updates=732 menu=Lobby selection=0 row=6(ROW_RESERVED6) inactivity=706 slide=0 nativeSlideRaw=0 nativeSlideScaled=0
[efz_netplay_mod][pid=7156] HookedTitleUpdateImpl: calls=900 netplayActive=1
[efz_netplay_mod][pid=7156] StateExport: heartbeat seq=1800 activity=1 menu=1 screen=0 mode=0 phase=0 role=0 side=-1 p1Wins=0 p2Wins=0 ping=-1 delay=-1 local='' p1='' p2='' revival='1.02e' caps=0xB1 sessionId=0 setId=0 endReason=0
[efz_netplay_mod][pid=7156] LobbySession::DoPollStatus: response='{"alias":"EFZ","challenges":[],"id":4877,"idle":[["Player",3]],"msg":"OK","playing":[["Aquatic_mod","Aquatic",1,2,"91.214.211.2:10800"]],"status":"OK"}
'
[efz_netplay_mod][pid=7156] LobbySession::DoPollStatus: response='{"alias":"EFZ","challenges":[],"id":4877,"idle":[["Player",3]],"msg":"OK","playing":[["Aquatic_mod","Aquatic",1,2,"91.214.211.2:10800"]],"status":"OK"}
'
[efz_netplay_mod][pid=7156] NetplayFrame: updates=859 menu=Lobby selection=0 row=6(ROW_RESERVED6) inactivity=833 slide=0 nativeSlideRaw=0 nativeSlideScaled=0
[efz_netplay_mod][pid=7156] LobbySession::DoPollStatus: response='{"alias":"EFZ","challenges":[],"id":4877,"idle":[["Player",3]],"msg":"OK","playing":[["Aquatic_mod","Aquatic",1,2,"91.214.211.2:10800"]],"status":"OK"}
'
[efz_netplay_mod][pid=7156] NetplayFrame: updates=987 menu=Lobby selection=0 row=6(ROW_RESERVED6) inactivity=961 slide=0 nativeSlideRaw=0 nativeSlideScaled=0
[efz_netplay_mod][pid=7156] TICK_HOOK: heartbeat frameTick=1200 session=0x0D5A60C8 exeECX=0x0E2E6A78 match=0
[efz_netplay_mod][pid=7156] HookedTitleUpdateImpl: calls=1200 netplayActive=1
[efz_netplay_mod][pid=7156] StateExport: heartbeat seq=2400 activity=1 menu=1 screen=0 mode=0 phase=0 role=0 side=-1 p1Wins=0 p2Wins=0 ping=-1 delay=-1 local='' p1='' p2='' revival='1.02e' caps=0xB1 sessionId=0 setId=0 endReason=0
[efz_netplay_mod][pid=7156] LobbySession::DoPollStatus: response='{"alias":"EFZ","challenges":[],"id":4877,"idle":[["Player",3]],"msg":"OK","playing":[["Aquatic_mod","Aquatic",1,2,"91.214.211.2:10800"]],"status":"OK"}
'
[efz_netplay_mod][pid=7156] NetplayFrame: updates=1115 menu=Lobby selection=0 row=6(ROW_RESERVED6) inactivity=1089 slide=0 nativeSlideRaw=0 nativeSlideScaled=0
[efz_netplay_mod][pid=7156] LobbySession::DoPollStatus: response='{"alias":"EFZ","challenges":[],"id":4877,"idle":[["Player",3]],"msg":"OK","playing":[["Aquatic_mod","Aquatic",1,2,"91.214.211.2:10800"]],"status":"OK"}
'
[efz_netplay_mod][pid=7156] NetplayFrame: updates=1243 menu=Lobby selection=0 row=6(ROW_RESERVED6) inactivity=1217 slide=0 nativeSlideRaw=0 nativeSlideScaled=0
[efz_netplay_mod][pid=7156] LobbySession::DoPollStatus: response='{"alias":"EFZ","challenges":[],"id":4877,"idle":[["Player",3]],"msg":"OK","playing":[["Aquatic_mod","Aquatic",1,2,"91.214.211.2:10800"]],"status":"OK"}
'
[efz_netplay_mod][pid=7156] HookedTitleUpdateImpl: calls=1500 netplayActive=1
[efz_netplay_mod][pid=7156] StateExport: heartbeat seq=3000 activity=1 menu=1 screen=0 mode=0 phase=0 role=0 side=-1 p1Wins=0 p2Wins=0 ping=-1 delay=-1 local='' p1='' p2='' revival='1.02e' caps=0xB1 sessionId=0 setId=0 endReason=0
[efz_netplay_mod][pid=7156] NetplayFrame: updates=1371 menu=Lobby selection=0 row=6(ROW_RESERVED6) inactivity=1345 slide=0 nativeSlideRaw=0 nativeSlideScaled=0
[efz_netplay_mod][pid=7156] LobbySession::DoPollStatus: response='{"alias":"EFZ","challenges":[],"id":4877,"idle":[["Player",3]],"msg":"OK","playing":[["Aquatic_mod","Aquatic",1,2,"91.214.211.2:10800"]],"status":"OK"}
'
[efz_netplay_mod][pid=7156] LobbySession::DoPollStatus: response='{"alias":"EFZ","challenges":[],"id":4877,"idle":[["Player",3]],"msg":"OK","playing":[["Aquatic_mod","Aquatic",1,2,"91.214.211.2:10800"]],"status":"OK"}
'
[efz_netplay_mod][pid=7156] NetplayInput: P1(h=0 v=1 c=0 b=0) P2(h=0 v=0 c=0 b=0)
[efz_netplay_mod][pid=7156] PlayUiSound: sfx=8 gameSystem=0x02780048
[efz_netplay_mod][pid=7156] NetplaySelection: player=0 menu=Lobby from=0 to=1 row=6(ROW_RESERVED6) label=LOBBY_SLOT inputV=1
[efz_netplay_mod][pid=7156] NetplayInput: P1(h=0 v=0 c=0 b=0) P2(h=0 v=0 c=0 b=0)
[efz_netplay_mod][pid=7156] NetplayFrame: updates=1499 menu=Lobby selection=1 row=6(ROW_RESERVED6) inactivity=2 slide=0 nativeSlideRaw=0 nativeSlideScaled=0
[efz_netplay_mod][pid=7156] NetplayInput: P1(h=-1 v=0 c=0 b=0) P2(h=0 v=0 c=0 b=0)
[efz_netplay_mod][pid=7156] NetplayInput: P1(h=-1 v=1 c=0 b=0) P2(h=0 v=0 c=0 b=0)
[efz_netplay_mod][pid=7156] PlayUiSound: sfx=8 gameSystem=0x02780048
[efz_netplay_mod][pid=7156] NetplaySelection: player=0 menu=Lobby from=1 to=2 row=6(ROW_RESERVED6) label=LOBBY_PLAYING_0 inputV=1
[efz_netplay_mod][pid=7156] NetplayInput: P1(h=0 v=1 c=0 b=0) P2(h=0 v=0 c=0 b=0)
[efz_netplay_mod][pid=7156] NetplayInput: P1(h=0 v=0 c=0 b=0) P2(h=0 v=0 c=0 b=0)
[efz_netplay_mod][pid=7156] NetplayInput: P1(h=0 v=1 c=0 b=0) P2(h=0 v=0 c=0 b=0)
[efz_netplay_mod][pid=7156] PlayUiSound: sfx=8 gameSystem=0x02780048
[efz_netplay_mod][pid=7156] NetplaySelection: player=0 menu=Lobby from=2 to=3 row=7(ROW_RETURN) label=BACK inputV=1
[efz_netplay_mod][pid=7156] NetplayInput: P1(h=0 v=0 c=0 b=0) P2(h=0 v=0 c=0 b=0)
[efz_netplay_mod][pid=7156] NetplayInput: P1(h=0 v=0 c=1 b=0) P2(h=0 v=0 c=0 b=0)
[efz_netplay_mod][pid=7156] PlayUiSound: sfx=6 gameSystem=0x02780048
[efz_netplay_mod][pid=7156] NetplayConfirm: player=0 menu=Lobby selection=3 row=7(ROW_RETURN) label=BACK action=BackToMain
[efz_netplay_mod][pid=7156] NetplayAction: menu=Lobby selection=3 row=7(ROW_RETURN) action=BackToMain
[efz_netplay_mod][pid=7156] NetplaySlide(native): start from=Lobby(3) to=Main(2) dir=-1
[efz_netplay_mod][pid=7156] SwitchToMenu: leaving Lobby, tearing down lobby session asynchronously
[efz_netplay_mod][pid=7156] LobbySession: shutting down
[efz_netplay_mod][pid=7156] NetplayMenuSwitch: menu=Main selection=2 count=5 row=5(ROW_RESERVED5) entry=LOBBY
[efz_netplay_mod][pid=7156] LobbySession::DoPollStatus: response='{"alias":"EFZ","challenges":[],"id":4877,"idle":[["Player",3]],"msg":"OK","playing":[["Aquatic_mod","Aquatic",1,2,"91.214.211.2:10800"]],"status":"OK"}
'
[efz_netplay_mod][pid=7156] NetplaySlide(native): complete menu=Main selection=2
[efz_netplay_mod][pid=7156] NetplayInput: P1(h=0 v=0 c=0 b=0) P2(h=0 v=0 c=0 b=0)
[efz_netplay_mod][pid=7156] NetplayInput: P1(h=0 v=1 c=0 b=0) P2(h=0 v=0 c=0 b=0)
[efz_netplay_mod][pid=7156] PlayUiSound: sfx=8 gameSystem=0x02780048
[efz_netplay_mod][pid=7156] NetplaySelection: player=0 menu=Main from=2 to=3 row=2(ROW_NICKNAME) label=CHANGE_NICKNAME inputV=1
[efz_netplay_mod][pid=7156] NetplayInput: P1(h=0 v=0 c=0 b=0) P2(h=0 v=0 c=0 b=0)
[efz_netplay_mod][pid=7156] NetplayInput: P1(h=0 v=0 c=1 b=0) P2(h=0 v=0 c=0 b=0)
[efz_netplay_mod][pid=7156] PlayUiSound: sfx=6 gameSystem=0x02780048
[efz_netplay_mod][pid=7156] NetplayConfirm: player=0 menu=Main selection=3 row=2(ROW_NICKNAME) label=CHANGE_NICKNAME action=OpenNickname
[efz_netplay_mod][pid=7156] NetplayAction: menu=Main selection=3 row=2(ROW_NICKNAME) action=OpenNickname
[efz_netplay_mod][pid=7156] NetplaySlide(native): start from=Main(3) to=Nickname(0) dir=1
[efz_netplay_mod][pid=7156] LobbySession::DoLeave: response='{"msg":"OK","status":"OK"}
'
[efz_netplay_mod][pid=7156] LobbySession::PollThread: exiting
[efz_netplay_mod][pid=7156] LobbySession: shut down complete
[efz_netplay_mod][pid=7156] NetplayMenuSwitch: menu=Nickname selection=0 count=2 row=2(ROW_NICKNAME) entry=NICKNAME_EDIT
[efz_netplay_mod][pid=7156] NetplaySlide(native): complete menu=Nickname selection=0
[efz_netplay_mod][pid=7156] NetplayInput: P1(h=0 v=0 c=0 b=0) P2(h=0 v=0 c=0 b=0)
[efz_netplay_mod][pid=7156] NetplayFrame: updates=1580 menu=Nickname selection=0 row=2(ROW_NICKNAME) inactivity=0 slide=0 nativeSlideRaw=0 nativeSlideScaled=0
[efz_netplay_mod][pid=7156] CrashHandler: uninstalled
[efz_netplay_mod] logger shutting down
[efz_netplay_mod] logger initialized
[efz_netplay_mod][pid=4588] CrashHandler: installed (mode=host dir='C:\Users\PC\Desktop\EFZ - Copy\mods\efz_netplay_mod' vectored=0CF50408)
[efz_netplay_mod][pid=4588] Module attached at 74460000
[efz_netplay_mod][pid=4588] DetectRevivalVersion: matched timestamp 0x5EA876B0 → 1.02e
[efz_netplay_mod][pid=4588] Takeover: host revival base=0x6C240000
[efz_netplay_mod][pid=4588] Takeover: patched EfzRevival.dll null-guard at +0x21E0
[efz_netplay_mod][pid=4588] Takeover: local init(2,102) result=42859256
[efz_netplay_mod][pid=4588] PatchRevivalDllExitProcess: patched IAT entry orig=0x75376A20 stub=0x7447FA00
[efz_netplay_mod][pid=4588] InstallNetplayFrameHook: installed at DLL RVA 0x6E590, trampoline at 7456BCF4
[efz_netplay_mod][pid=4588] InstallNetplayFrameHook: fixed up trampoline E8/E9 at +1: origDisp=0xFFFFF29A newDisp=0xF7D41AD2 absTarget=6C2AD810
[efz_netplay_mod][pid=4588] InstallNetplayFrameHook: per-frame tick hook installed at DLL RVA 0x6E570, trampoline at 7456BD38
[efz_netplay_mod][pid=4588] Takeover: host initialized
[efz_netplay_mod][pid=4588] SessionBridge: initialized (role=host, reason=startup)
[efz_netplay_mod][pid=4588] StateExport: initialized (shm=ok, view=0DEA0000)
[efz_netplay_mod][pid=4588] InstallHooks: module directory 'C:\Users\PC\Desktop\EFZ - Copy\mods\efz_netplay_mod'
[efz_netplay_mod][pid=4588] ResolveNetplayBackgroundPath: searching for netplay_bg.dat
[efz_netplay_mod][pid=4588] ResolveNetplayBackgroundPath: [DLL dir] probing 'C:\Users\PC\Desktop\EFZ - Copy\mods\efz_netplay_mod\assets\netplay_bg.dat'
[efz_netplay_mod][pid=4588] ResolveNetplayBackgroundPath: using 'C:\Users\PC\Desktop\EFZ - Copy\mods\efz_netplay_mod\assets\netplay_bg.dat'
[efz_netplay_mod][pid=4588] InstallHooks: netplay assets verified at 'C:\Users\PC\Desktop\EFZ - Copy\mods\efz_netplay_mod\assets\netplay_bg.dat'
[efz_netplay_mod][pid=4588] ValidateMenuSpecs: row-slot map valid
[efz_netplay_mod][pid=4588] Patched 'wrap compare 6->7' at 0x0077612E
[efz_netplay_mod][pid=4588] Patched 'wrap clamp 6->7' at 0x0077614B
[efz_netplay_mod][pid=4588] Patched 'switch compare 6->7' at 0x007761D5
[efz_netplay_mod][pid=4588] Patched 'panel dest height 98->112' at 0x00776578
[efz_netplay_mod][pid=4588] Patched 'panel src height 98->112' at 0x007765A3
[efz_netplay_mod][pid=4588] Patched 'panel dest top 130->123' at 0x007765A7
[efz_netplay_mod][pid=4588] Patched 'highlight src base 98->112' at 0x0077664A
[efz_netplay_mod][pid=4588] Patched 'highlight screen base 130->123' at 0x00776696
[efz_netplay_mod][pid=4588] Patched 'switch dispatch table -> custom' at 0x007761E5
[efz_netplay_mod][pid=4588] Patched 'title vtable render -> hook' at 0x00789980
[efz_netplay_mod][pid=4588] Patched 'title vtable update -> hook' at 0x00789984
[efz_netplay_mod][pid=4588] InstallHooks: success (title update=0x00775FB0 netplayAssets=1)
[efz_netplay_mod][pid=4588] InstallHooks succeeded
[efz_netplay_mod][pid=4588] SCREEN_MONITOR: index 255 -> 0 tick=1 mode=0/4 screenObj=0x0E2B6A78 charselect(init=1 exit=0 obj=0x0E2B6ED0)
[efz_netplay_mod][pid=4588] TICK_HOOK: *** ECX MISMATCH *** frameTick=1 exeECX=0x0E2B6A78 dllSession=0x0D5993A0 — overriding ECX with current session
[efz_netplay_mod][pid=4588] TICK_HOOK: current session vtable=0x6C2D0404 (RVA=0x90404)
[efz_netplay_mod][pid=4588] DIAG[tick_ecx_mismatch]: dllExitPatchesSaved=0 tournamentPatchesSaved=0 renderContextSaved=0 savedRenderCtx=0x00000000
[efz_netplay_mod][pid=4588] DIAG[tick_ecx_mismatch]: dllBase=0x6C240000 roleFlag=2 sessionPtr=0x0D5993A0 renderCtx=0x74AF6BC8 globalState=0x0DEB0048
[efz_netplay_mod][pid=4588] DIAG[tick_ecx_mismatch]: session vtable=0x6C2D0404 initComplete=3342386 activePlayer=0
[efz_netplay_mod][pid=4588] DIAG[tick_ecx_mismatch]: exitPatch[0] RVA=0x7909D byte=0x74 expected=0x74
[efz_netplay_mod][pid=4588] DIAG[tick_ecx_mismatch]: exitPatch[1] RVA=0x7215D byte=0x75 expected=0x75
[efz_netplay_mod][pid=4588] DIAG[tick_ecx_mismatch]: exitPatch[2] RVA=0x7231F byte=0x74 expected=0x74
[efz_netplay_mod][pid=4588] DIAG[tick_ecx_mismatch]: nearJccPatch[0] RVA=0x7251B bytes=0F 84
[efz_netplay_mod][pid=4588] DIAG[tick_ecx_mismatch]: nearJccPatch[1] RVA=0x7252E bytes=0F 84
[efz_netplay_mod][pid=4588] DIAG[tick_ecx_mismatch]: nearJccPatch[2] RVA=0x742E1 bytes=0F 84
[efz_netplay_mod][pid=4588] DIAG[tick_ecx_mismatch]: nearJccPatch[3] RVA=0x742F4 bytes=0F 84
[efz_netplay_mod][pid=4588] DIAG[tick_ecx_mismatch]: nearJccPatch[4] RVA=0x74301 bytes=0F 84
[efz_netplay_mod][pid=4588] DIAG[tick_ecx_mismatch]: localRoleFlag=2 localInitApplied=0 exitIntercepted=0 exitMode=-1 frameHookInstalled=1 frameRecoveryPending=0 forceLocalPlayInitCount=0
[efz_netplay_mod][pid=4588] DIAG[tick_ecx_mismatch]: revivalProcess=0x00000000 revivalPid=0 lastValidatedSession=0x00000000 lastSessionPtrOffset=0x0
[efz_netplay_mod][pid=4588] TICK_HOOK: heartbeat frameTick=1 session=0x0D5993A0 exeECX=0x0E2B6A78 match=0
[efz_netplay_mod][pid=4588] StateExport: heartbeat seq=1 activity=0 menu=0 screen=0 mode=0 phase=0 role=0 side=-1 p1Wins=0 p2Wins=0 ping=-1 delay=-1 local='' p1='' p2='' revival='1.02e' caps=0x21 sessionId=0 setId=0 endReason=0
[efz_netplay_mod][pid=4588] NetplayCaseImpl: invoked
[efz_netplay_mod][pid=4588] TriggerNetplayMenuEntry: titleSelection=5 screenContext=0x0E2B6A78
[efz_netplay_mod][pid=4588] PlayUiSound: sfx=6 gameSystem=0x0DEB0048
[efz_netplay_mod][pid=4588] EnterNetplayMenu: request active=0 skipFadeOut=0
[efz_netplay_mod][pid=4588] RunTransitionFadeOut: begin palette=237726374 baseVolume=0 volumeAdjustment=0
[efz_netplay_mod][pid=4588] RunTransitionFadeOut: complete result=1
[efz_netplay_mod][pid=4588] LoadNetplayAssets: begin (screenContext=0x0E2B6A78)
[efz_netplay_mod][pid=4588] ResolveNetplayBackgroundPath: searching for netplay_bg.dat
[efz_netplay_mod][pid=4588] ResolveNetplayBackgroundPath: [DLL dir] probing 'C:\Users\PC\Desktop\EFZ - Copy\mods\efz_netplay_mod\assets\netplay_bg.dat'
[efz_netplay_mod][pid=4588] ResolveNetplayBackgroundPath: using 'C:\Users\PC\Desktop\EFZ - Copy\mods\efz_netplay_mod\assets\netplay_bg.dat'
[efz_netplay_mod][pid=4588] ResolveNetplayObjectsPath: searching for netplay objects
[efz_netplay_mod][pid=4588] ResolveNetplayObjectsPath: [DLL dir] probing 'C:\Users\PC\Desktop\EFZ - Copy\mods\efz_netplay_mod\assets\netplay_ob.dat'
[efz_netplay_mod][pid=4588] ResolveNetplayObjectsPath: using 'C:\Users\PC\Desktop\EFZ - Copy\mods\efz_netplay_mod\assets\netplay_ob.dat'
[efz_netplay_mod][pid=4588] ParseEfzDatImage: parsed 'C:\Users\PC\Desktop\EFZ - Copy\mods\efz_netplay_mod\assets\netplay_ob.dat' size=154370 firstByte=255 headerOffset=766 width=320 height=480 transparentSrc=20 hasTransparent=1 method=near_magenta exact=0 near=1
[efz_netplay_mod][pid=4588] LoadNetplayAssets: derived source transparent index=20 from netplay_ob.dat
[efz_netplay_mod][pid=4588] LoadNetplayAssets: derived netplay_ob layout srcY[261..387] dstY[95..221] rowH=14 width=320
[efz_netplay_mod][pid=4588] LoadNetplayAssets: forcing transparent color=213 (src=20 + offset=193)
[efz_netplay_mod][pid=4588] LoadNetplayAssets: done bg='C:\Users\PC\Desktop\EFZ - Copy\mods\efz_netplay_mod\assets\netplay_bg.dat' obj='C:\Users\PC\Desktop\EFZ - Copy\mods\efz_netplay_mod\assets\netplay_ob.dat' (palette bg=1 obj=1 transparent=213)
[efz_netplay_mod][pid=4588] LoadNetplayAssets: object profile colorOffset=193 paletteStart=193 paletteCount=48 configStyle=1 optionCount=5 backIndex=4
[efz_netplay_mod][pid=4588] LoadNetplaySpriteFont: no sprite font map found (runtime text disabled)
[efz_netplay_mod][pid=4588] LoadNetplayAssets: sprite font unavailable, using object-sheet-only rendering
[efz_netplay_mod][pid=4588] LoadNetplayMenuSettingsFromIni: loaded Network.Name='Player'
[efz_netplay_mod][pid=4588] LoadNetplayMenuSettingsFromIni: loaded Network.Port=10800
[efz_netplay_mod][pid=4588] ResetTitleMenuState: selection=0 menuState=0 initState=0 exitState=0
[efz_netplay_mod][pid=4588] NetplayMenuSwitch: menu=Main selection=0 count=5 row=0(ROW_HOST) entry=HOST
[efz_netplay_mod][pid=4588] InstallNetplayWindowHook: hwnd=0x000F0612 originalProc=0x74A5C600
[efz_netplay_mod][pid=4588] RunTransitionFadeIn: begin palette=237726374
[efz_netplay_mod][pid=4588] RunTransitionFadeIn: complete result=1
[efz_netplay_mod][pid=4588] EnterNetplayMenu: active menu=Main selection=0 bgmTrack=8 configStyle=1 optionCount=5 backIndex=4 skipFadeOut=0
[efz_netplay_mod][pid=4588] HookedTitleUpdateImpl: title confirm edge selection=0
[efz_netplay_mod][pid=4588] Takeover: host revival base=0x6C240000
[efz_netplay_mod][pid=4588] StateExport: flow menu=0->1 charsel=0->0 match=0->0 screen=0 mode=0 phase=0 role=0 p1Wins=0 p2Wins=0
[efz_netplay_mod][pid=4588] StateExport: activity 0->1 screen=0 mode=0 phase=0 role=0 side=-1 p1='' p2='' caps=0xB1 sessionId=0 setId=0 seq=342
[efz_netplay_mod][pid=4588] NetplayInput: P1(h=0 v=0 c=0 b=0) P2(h=0 v=0 c=0 b=0)
[efz_netplay_mod][pid=4588] NetplayFrame: updates=1 menu=Main selection=0 row=0(ROW_HOST) inactivity=0 slide=0 nativeSlideRaw=0 nativeSlideScaled=0
[efz_netplay_mod][pid=4588] NetplayInput: P1(h=0 v=1 c=0 b=0) P2(h=0 v=0 c=0 b=0)
[efz_netplay_mod][pid=4588] PlayUiSound: sfx=8 gameSystem=0x0DEB0048
[efz_netplay_mod][pid=4588] NetplaySelection: player=0 menu=Main from=0 to=1 row=1(ROW_JOIN) label=JOIN inputV=1
[efz_netplay_mod][pid=4588] NetplayInput: P1(h=0 v=0 c=0 b=0) P2(h=0 v=0 c=0 b=0)
[efz_netplay_mod][pid=4588] NetplayInput: P1(h=0 v=1 c=0 b=0) P2(h=0 v=0 c=0 b=0)
[efz_netplay_mod][pid=4588] PlayUiSound: sfx=8 gameSystem=0x0DEB0048
[efz_netplay_mod][pid=4588] NetplaySelection: player=0 menu=Main from=1 to=2 row=5(ROW_RESERVED5) label=LOBBY inputV=1
[efz_netplay_mod][pid=4588] NetplayInput: P1(h=0 v=0 c=0 b=0) P2(h=0 v=0 c=0 b=0)
[efz_netplay_mod][pid=4588] NetplayInput: P1(h=0 v=0 c=1 b=0) P2(h=0 v=0 c=0 b=0)
[efz_netplay_mod][pid=4588] PlayUiSound: sfx=6 gameSystem=0x0DEB0048
[efz_netplay_mod][pid=4588] NetplayConfirm: player=0 menu=Main selection=2 row=5(ROW_RESERVED5) label=LOBBY action=OpenLobby
[efz_netplay_mod][pid=4588] NetplayAction: menu=Main selection=2 row=5(ROW_RESERVED5) action=OpenLobby
[efz_netplay_mod][pid=4588] NetplaySlide(native): start from=Main(2) to=Lobby(0) dir=1
[efz_netplay_mod][pid=4588] SwitchToMenu: entering Lobby, creating session for 'Player' port=10800
[efz_netplay_mod][pid=4588] LobbySession::PollThread: entering
[efz_netplay_mod][pid=4588] LobbySession: started for nickname='Player'
[efz_netplay_mod][pid=4588] NetplayMenuSwitch: menu=Lobby selection=0 count=1 row=7(ROW_RETURN) entry=BACK
[efz_netplay_mod][pid=4588] LobbySession: endpoint config override=0 baseUrl='' proxyOverride=0 proxyBaseUrl='' forceWinInet=0 forceEmbeddedTls=0 tlsVerify=0 embeddedAvailable=1
[efz_netplay_mod][pid=4588] NetplaySlide(native): complete menu=Lobby selection=0
[efz_netplay_mod][pid=4588] AcquireMenuDrawSurfaceLock: locked backbuffer surface (surface=0x0CF4F240 size=640x480 pitch=640)
[efz_netplay_mod][pid=4588] AcquireMenuDrawSurfaceLock: backbuffer surface details size=640x480 pitch=640 (lockW=0 lockH=480)
[efz_netplay_mod][pid=4588] OverlayTextPalette: selected=224 rgb=(255,255,255) normal=217 rgb=(160,160,160) transparent=213
[efz_netplay_mod][pid=4588] NetplayInput: P1(h=0 v=0 c=0 b=0) P2(h=0 v=0 c=0 b=0)
[efz_netplay_mod][pid=4588] LobbySession::DoHttpGet: backend=EmbeddedTLS endpoint=primary verify=0
[efz_netplay_mod][pid=4588] LobbySession::DoJoin: response='{"alias":"EFZ","challenges":[],"id":4877,"idle":[["Player",4]],"msg":4,"playing":[["Aquatic_mod","Aquatic",1,2,"91.214.211.2:10800"]],"secret":9417,"status":"OK","type":"Private"}
'
[efz_netplay_mod][pid=4588] LobbySession::PollThread: joined lobby id=4877 playerId=4
[efz_netplay_mod][pid=4588] LobbySession::DiscoverPublicIp: resolved=91.214.211.2
[efz_netplay_mod][pid=4588] NetplayFrame: updates=92 menu=Lobby selection=0 row=7(ROW_RETURN) inactivity=57 slide=0 nativeSlideRaw=0 nativeSlideScaled=0
[efz_netplay_mod][pid=4588] LobbySession::DoPollStatus: response='{"alias":"EFZ","challenges":[],"id":4877,"idle":[["Player",4]],"msg":"OK","playing":[["Aquatic_mod","Aquatic",1,2,"91.214.211.2:10800"]],"status":"OK"}
'
[efz_netplay_mod][pid=4588] HookedTitleUpdateImpl: calls=300 netplayActive=1
[efz_netplay_mod][pid=4588] StateExport: heartbeat seq=600 activity=1 menu=1 screen=0 mode=0 phase=0 role=0 side=-1 p1Wins=0 p2Wins=0 ping=-1 delay=-1 local='' p1='' p2='' revival='1.02e' caps=0xB1 sessionId=0 setId=0 endReason=0
[efz_netplay_mod][pid=4588] NetplayInput: P1(h=0 v=1 c=0 b=0) P2(h=0 v=0 c=0 b=0)
[efz_netplay_mod][pid=4588] PlayUiSound: sfx=8 gameSystem=0x0DEB0048
[efz_netplay_mod][pid=4588] NetplaySelection: player=0 menu=Lobby from=0 to=1 row=6(ROW_RESERVED6) label=LOBBY_SLOT inputV=1
[efz_netplay_mod][pid=4588] NetplayInput: P1(h=0 v=0 c=0 b=0) P2(h=0 v=0 c=0 b=0)
[efz_netplay_mod][pid=4588] NetplayFrame: updates=220 menu=Lobby selection=1 row=6(ROW_RESERVED6) inactivity=65 slide=0 nativeSlideRaw=0 nativeSlideScaled=0
[efz_netplay_mod][pid=4588] LobbySession::DoPollStatus: response='{"alias":"EFZ","challenges":[],"id":4877,"idle":[["Player",4]],"msg":"OK","playing":[["Aquatic_mod","Aquatic",1,2,"91.214.211.2:10800"]],"status":"OK"}
'
[efz_netplay_mod][pid=4588] NetplayInput: P1(h=0 v=0 c=1 b=0) P2(h=0 v=0 c=0 b=0)
[efz_netplay_mod][pid=4588] PlayUiSound: sfx=6 gameSystem=0x0DEB0048
[efz_netplay_mod][pid=4588] NetplayConfirm: player=0 menu=Lobby selection=1 row=6(ROW_RESERVED6) label=LOBBY_SLOT action=LobbySlot1
[efz_netplay_mod][pid=4588] NetplayAction: menu=Lobby selection=1 row=6(ROW_RESERVED6) action=LobbySlot1
[efz_netplay_mod][pid=4588] LobbySpectate: spectating 'Aquatic_mod vs Aquatic' id=1 via 91.214.211.2:10800 addr=91.214.211.2 port=10800
[efz_netplay_mod][pid=4588] SessionBridge: StartSession role=3 port=10800 address='91.214.211.2' nickname='Player'
[efz_netplay_mod][pid=4588] JoiningOverlay: activated  target=91.214.211.2:10800
[efz_netplay_mod][pid=4588] Takeover: StartSession role=3 port=10800 address='91.214.211.2' nickname='Player'
[efz_netplay_mod][pid=4588] DIAG[StartSession_entry]: dllExitPatchesSaved=0 tournamentPatchesSaved=0 renderContextSaved=0 savedRenderCtx=0x00000000
[efz_netplay_mod][pid=4588] StateExport: new session sessionId=1
[efz_netplay_mod][pid=4588] StateExport: nicknames local=''->'Player' p1=''->'' p2=''->'' seq=880
[efz_netplay_mod][pid=4588] DIAG[StartSession_entry]: dllBase=0x6C240000 roleFlag=2 sessionPtr=0x0D5993A0 renderCtx=0x74AF6BC8 globalState=0x0DEB0048
[efz_netplay_mod][pid=4588] DIAG[StartSession_entry]: session vtable=0x6C2D0404 initComplete=842018353 activePlayer=0
[efz_netplay_mod][pid=4588] DIAG[StartSession_entry]: exitPatch[0] RVA=0x7909D byte=0x74 expected=0x74
[efz_netplay_mod][pid=4588] DIAG[StartSession_entry]: exitPatch[1] RVA=0x7215D byte=0x75 expected=0x75
[efz_netplay_mod][pid=4588] DIAG[StartSession_entry]: exitPatch[2] RVA=0x7231F byte=0x74 expected=0x74
[efz_netplay_mod][pid=4588] DIAG[StartSession_entry]: nearJccPatch[0] RVA=0x7251B bytes=0F 84
[efz_netplay_mod][pid=4588] DIAG[StartSession_entry]: nearJccPatch[1] RVA=0x7252E bytes=0F 84
[efz_netplay_mod][pid=4588] DIAG[StartSession_entry]: nearJccPatch[2] RVA=0x742E1 bytes=0F 84
[efz_netplay_mod][pid=4588] DIAG[StartSession_entry]: nearJccPatch[3] RVA=0x742F4 bytes=0F 84
[efz_netplay_mod][pid=4588] DIAG[StartSession_entry]: nearJccPatch[4] RVA=0x74301 bytes=0F 84
[efz_netplay_mod][pid=4588] DIAG[StartSession_entry]: localRoleFlag=2 localInitApplied=0 exitIntercepted=0 exitMode=-1 frameHookInstalled=1 frameRecoveryPending=0 forceLocalPlayInitCount=0
[efz_netplay_mod][pid=4588] DIAG[StartSession_entry]: revivalProcess=0x00000000 revivalPid=0 lastValidatedSession=0x0D5993A0 lastSessionPtrOffset=0x0
[efz_netplay_mod][pid=4588] Takeover: host revival base=0x6C240000
[efz_netplay_mod][pid=4588] SaveRenderContext: saved EfzRender* 0x74AF6BC8 from offset 0xA0778 initOnceGuard=0x00000101 (H2: guard SET — init() will NOT refresh renderCtx)
[efz_netplay_mod][pid=4588] Takeover: phase Idle -> Connecting reason=''
[efz_netplay_mod][pid=4588] TICK_HOOK: *** ECX MISMATCH *** frameTick=1 exeECX=0x0E2B6A78 dllSession=0x0D5993A0 — overriding ECX with current session
[efz_netplay_mod][pid=4588] TICK_HOOK: current session vtable=0x6C2D0404 (RVA=0x90404)
[efz_netplay_mod][pid=4588] DIAG[tick_ecx_mismatch]: dllExitPatchesSaved=0 tournamentPatchesSaved=0 renderContextSaved=1 savedRenderCtx=0x74AF6BC8
[efz_netplay_mod][pid=4588] DIAG[tick_ecx_mismatch]: dllBase=0x6C240000 roleFlag=2 sessionPtr=0x0D5993A0 renderCtx=0x74AF6BC8 globalState=0x0DEB0048
[efz_netplay_mod][pid=4588] DIAG[tick_ecx_mismatch]: session vtable=0x6C2D0404 initComplete=842018353 activePlayer=0
[efz_netplay_mod][pid=4588] DIAG[tick_ecx_mismatch]: exitPatch[0] RVA=0x7909D byte=0x74 expected=0x74
[efz_netplay_mod][pid=4588] DIAG[tick_ecx_mismatch]: exitPatch[1] RVA=0x7215D byte=0x75 expected=0x75
[efz_netplay_mod][pid=4588] DIAG[tick_ecx_mismatch]: exitPatch[2] RVA=0x7231F byte=0x74 expected=0x74
[efz_netplay_mod][pid=4588] DIAG[tick_ecx_mismatch]: nearJccPatch[0] RVA=0x7251B bytes=0F 84
[efz_netplay_mod][pid=4588] DIAG[tick_ecx_mismatch]: nearJccPatch[1] RVA=0x7252E bytes=0F 84
[efz_netplay_mod][pid=4588] DIAG[tick_ecx_mismatch]: nearJccPatch[2] RVA=0x742E1 bytes=0F 84
[efz_netplay_mod][pid=4588] DIAG[tick_ecx_mismatch]: nearJccPatch[3] RVA=0x742F4 bytes=0F 84
[efz_netplay_mod][pid=4588] DIAG[tick_ecx_mismatch]: nearJccPatch[4] RVA=0x74301 bytes=0F 84
[efz_netplay_mod][pid=4588] DIAG[tick_ecx_mismatch]: localRoleFlag=2 localInitApplied=0 exitIntercepted=0 exitMode=-1 frameHookInstalled=1 frameRecoveryPending=0 forceLocalPlayInitCount=0
[efz_netplay_mod][pid=4588] DIAG[tick_ecx_mismatch]: revivalProcess=0x00000000 revivalPid=0 lastValidatedSession=0x00000000 lastSessionPtrOffset=0x0
[efz_netplay_mod][pid=4588] TICK_HOOK: heartbeat frameTick=1 session=0x0D5993A0 exeECX=0x0E2B6A78 match=0
[efz_netplay_mod][pid=4588] NetplayInput: P1(h=0 v=0 c=0 b=0) P2(h=0 v=0 c=0 b=0)
[efz_netplay_mod][pid=4588] Takeover: WriteIni path='C:\Users\PC\Desktop\EFZ - Copy\EfzRevival.ini' existed=1 role=3 port=10800 nickname='Player' address='91.214.211.2' result=1 (updated keys: Network.Name, Network.Port)
[efz_netplay_mod][pid=4588] Takeover: spawned EfzRevival suspended pid=12372
[efz_netplay_mod][pid=4588] Takeover: created kill-on-close job object handle=00000784
[efz_netplay_mod][pid=4588] Takeover: assigned pid=12372 to kill-on-close job
[efz_netplay_mod][pid=4588] Takeover: injected self module base=0x74460000
[efz_netplay_mod] logger initialized
[efz_netplay_mod][pid=12372] CrashHandler: installed (mode=injected_takeover dir='C:\Users\PC\Desktop\EFZ - Copy\mods\efz_netplay_mod' vectored=013152B0)
[efz_netplay_mod][pid=12372] Module attached in EfzRevival.exe (injected takeover mode)
[efz_netplay_mod][pid=12372] DetectRevivalVersion: EfzRevival.dll not loaded — keeping default profile 1.02e
[efz_netplay_mod][pid=4588] Takeover: PatchIat target module='efzrevival.exe' base=0x00A40000
[efz_netplay_mod][pid=12372] Takeover: injected initialized ready=1 block=0x01190000 init=0x00000160 console=0x00000164 initAddr=0x00000000 hostRevivalBase=0x6C240000
[efz_netplay_mod][pid=4588] Takeover: module 'efzrevival.exe' patched import ReadConsoleW old=0x75373BB0 new=0x74480C10
[efz_netplay_mod][pid=4588] Takeover: module 'efzrevival.exe' patched import WriteConsoleOutputCharacterW old=0x75373E60 new=0x74481270
[efz_netplay_mod][pid=4588] Takeover: module 'efzrevival.exe' patched import ReadConsoleA old=0x75373B80 new=0x74480AD0
[efz_netplay_mod][pid=4588] Takeover: module 'efzrevival.exe' patched import TerminateProcess old=0x75369910 new=0x74480EB0
[efz_netplay_mod][pid=4588] Takeover: module 'efzrevival.exe' patched import CreateProcessA old=0x75385150 new=0x74480980
[efz_netplay_mod][pid=4588] Takeover: module 'efzrevival.exe' patched import OutputDebugStringW old=0x753864F0 new=0x74480AB0
[efz_netplay_mod][pid=4588] Takeover: module 'efzrevival.exe' patched import count=16
[efz_netplay_mod][pid=4588] Takeover: PatchIat target module='msvcp_win.dll' base=0x75920000
[efz_netplay_mod][pid=4588] Takeover: module 'msvcp_win.dll' patched import TerminateProcess old=0x75369910 new=0x74480EB0
[efz_netplay_mod][pid=4588] Takeover: module 'msvcp_win.dll' patched import count=2
[efz_netplay_mod][pid=4588] Takeover: PatchIat target module='ucrtbase.dll' base=0x76B30000
[efz_netplay_mod][pid=4588] Takeover: module 'ucrtbase.dll' patched import TerminateProcess old=0x75369910 new=0x74480EB0
[efz_netplay_mod][pid=4588] Takeover: module 'ucrtbase.dll' patched import OutputDebugStringW old=0x76FB68E0 new=0x74480AB0
[efz_netplay_mod][pid=4588] Takeover: module 'ucrtbase.dll' patched import ReadConsoleW old=0x76FAF6C0 new=0x74480C10
[efz_netplay_mod][pid=4588] Takeover: module 'ucrtbase.dll' patched import count=7
[efz_netplay_mod][pid=4588] Takeover: PatchIat target module='msvcrt.dll' base=0x757D0000
[efz_netplay_mod][pid=4588] Takeover: module 'msvcrt.dll' patched import ReadConsoleW old=0x76FAF6C0 new=0x74480C10
[efz_netplay_mod][pid=4588] Takeover: module 'msvcrt.dll' patched import CreateProcessA old=0x75385150 new=0x74480980
[efz_netplay_mod][pid=4588] Takeover: module 'msvcrt.dll' patched import TerminateProcess old=0x75369910 new=0x74480EB0
[efz_netplay_mod][pid=4588] Takeover: module 'msvcrt.dll' patched import count=8
[efz_netplay_mod][pid=4588] Takeover: patched import total count=33 modules=4
[efz_netplay_mod][pid=4588] Takeover: join-spectate clipboard seeded with address '91.214.211.2:10800'
[efz_netplay_mod][pid=4588] Takeover: resumed main thread result=1
[efz_netplay_mod][pid=4588] Takeover: signaled console script menu=3 primaryLen=3 auxLen=3 auxSerial=1
[efz_netplay_mod][pid=4588] Takeover: phase Connecting -> Connecting reason='awaiting handshake'
[efz_netplay_mod][pid=4588] Takeover: start session armed (asynchronous handshake via Tick)
[efz_netplay_mod][pid=4588] Takeover: connecting diag session=0x00000000 sessionOff=0x0000 roleFlag=2 ping=-1 delay=-1 sync(mode=0 flag1084=1 session=0 flags=0/4 ready=0) src(exe=1 dll=1 roleDll=1 sessDll=0) hits(rc=0 auto=0 cp=0 wpm=0 crt=0)
[efz_netplay_mod][pid=4588] Takeover: runtime-ready probe ready=0 source=none localInit=0 prompt=0 input=0 session=0 bind(pid=0 handle=0) syncReady=0 role=2
[efz_netplay_mod][pid=12372] nb_stub_ReadConsoleA: served input serial=1 source=injected value='3
'
[efz_netplay_mod][pid=4588] Takeover: late PatchIat retry result=1 attempts=1 success=1 elapsed=500ms
[efz_netplay_mod][pid=12372] Takeover: console prompt detected type=spectate_confirm serial=1 text='Host already playing, join as a spectator?'
[efz_netplay_mod][pid=12372] Takeover: aux auto-answered spectate confirm — synced servedSerial=1
[efz_netplay_mod][pid=12372] nb_stub_ReadConsoleA: auto input serial=1 source=injected reason=aux_line read=128 value='1
' count=1
[efz_netplay_mod][pid=4588] LobbySession::DoPollStatus: response='{"alias":"EFZ","challenges":[],"id":4877,"idle":[["Player",4]],"msg":"OK","playing":[["Aquatic_mod","Aquatic",1,2,"91.214.211.2:10800"]],"status":"OK"}
'
[efz_netplay_mod][pid=4588] NetplayFrame: updates=348 menu=Lobby selection=1 row=6(ROW_RESERVED6) inactivity=192 slide=0 nativeSlideRaw=0 nativeSlideScaled=0
[efz_netplay_mod][pid=12372] nb_stub_CreateProcessA: redirected to host pid=4588 source=injected
[efz_netplay_mod][pid=12372] nb_stub_ReadProcessMemory: spoof addr=0x007871F4 size=4 value=0x4386998F count=1
[efz_netplay_mod][pid=12372] nb_stub_CreateRemoteThread: bypass call start=0x75370E70 call=1 base=0x6C240000
[efz_netplay_mod][pid=4588] Takeover: observed takeover create path hits cp=1 wpm=1 crt=1
[efz_netplay_mod][pid=12372] nb_stub_WriteProcessMemory: observed init write mode=1 magic=102 dst=0x03280000
[efz_netplay_mod][pid=12372] nb_stub_WriteProcessMemory: captured init params via write mode=1 magic=102
[efz_netplay_mod][pid=12372] nb_stub_CreateRemoteThread: captured init params mode=1 magic=102 start=0x6C2AE830 call=2
[efz_netplay_mod][pid=12372] Takeover: capture revival native logs=0 source=ini:C:\Users\PC\Desktop\EFZ - Copy\EfzRevival.ini
[efz_netplay_mod][pid=4588] DIAG[Tick_init_handshake_pre]: dllExitPatchesSaved=0 tournamentPatchesSaved=0 renderContextSaved=1 savedRenderCtx=0x74AF6BC8
[efz_netplay_mod][pid=4588] DIAG[Tick_init_handshake_pre]: dllBase=0x6C240000 roleFlag=2 sessionPtr=0x0D5993A0 renderCtx=0x74AF6BC8 globalState=0x0DEB0048
[efz_netplay_mod][pid=4588] DIAG[Tick_init_handshake_pre]: session vtable=0x6C2D0404 initComplete=842018353 activePlayer=0
[efz_netplay_mod][pid=4588] DIAG[Tick_init_handshake_pre]: exitPatch[0] RVA=0x7909D byte=0x74 expected=0x74
[efz_netplay_mod][pid=4588] DIAG[Tick_init_handshake_pre]: exitPatch[1] RVA=0x7215D byte=0x75 expected=0x75
[efz_netplay_mod][pid=4588] DIAG[Tick_init_handshake_pre]: exitPatch[2] RVA=0x7231F byte=0x74 expected=0x74
[efz_netplay_mod][pid=4588] DIAG[Tick_init_handshake_pre]: nearJccPatch[0] RVA=0x7251B bytes=0F 84
[efz_netplay_mod][pid=4588] DIAG[Tick_init_handshake_pre]: nearJccPatch[1] RVA=0x7252E bytes=0F 84
[efz_netplay_mod][pid=4588] DIAG[Tick_init_handshake_pre]: nearJccPatch[2] RVA=0x742E1 bytes=0F 84
[efz_netplay_mod][pid=4588] DIAG[Tick_init_handshake_pre]: nearJccPatch[3] RVA=0x742F4 bytes=0F 84
[efz_netplay_mod][pid=4588] DIAG[Tick_init_handshake_pre]: nearJccPatch[4] RVA=0x74301 bytes=0F 84
[efz_netplay_mod][pid=4588] DIAG[Tick_init_handshake_pre]: localRoleFlag=2 localInitApplied=0 exitIntercepted=0 exitMode=-1 frameHookInstalled=1 frameRecoveryPending=0 forceLocalPlayInitCount=0
[efz_netplay_mod][pid=4588] DIAG[Tick_init_handshake_pre]: revivalProcess=0x00000780 revivalPid=12372 lastValidatedSession=0x00000000 lastSessionPtrOffset=0x0
[efz_netplay_mod][pid=4588] Takeover: init handshake observed (deferred) mode=1 magic=102 serial=3
[efz_netplay_mod][pid=4588] INIT_SNAP[Tick_init_pre]: roleFlag=2 sessionPtr=0x0D5993A0 initFlag=0 initByte=0x00 renderCtx=0x74AF6BC8 renderCtxBase=0x00000000 initOnceGuard=0x00000101 timerPtr=0x74AF6AD0 globalStatePtr=0x0DEB0048
[efz_netplay_mod][pid=4588] INIT_SNAP[Tick_init_pre]: roleFlag[1]=0xA05F0 val=1814950748
[efz_netplay_mod][pid=4588] INIT_SNAP[Tick_init_pre]: roleFlag[2]=0xA15FC val=0
[efz_netplay_mod][pid=4588] INIT_SNAP[Tick_init_pre]: sessionPtr[1]=0xA02EC val=0x00000000
[efz_netplay_mod][pid=4588] INIT_SNAP[Tick_init_pre]: session vtable=0x6C2D0404 initComplete=842018353 activePlayer=0 queuePlayer=0 inputDelay=-1298777240
[efz_netplay_mod][pid=4588] INIT_SNAP[Tick_init_pre]: session currentFrame=1805306 gameModeSnap=11832488 matchId=12016072 sentinel=1029989748 helperHandle=0x00000000
[efz_netplay_mod][pid=4588] INIT_SNAP[Tick_init_pre]: session histPrimary=0x00000000 histSecondary=0x00000000 histPrimaryVec=0x0D5996B4 histSecondaryVec=0x0D5996C0
[efz_netplay_mod][pid=4588] INIT_SNAP[Tick_init_pre]: session +4=13304013 +8=13107408 +12=2031646 +16=2162720 +36=1
[efz_netplay_mod][pid=4588] INIT_SNAP[Tick_init_pre]: g_localRoleFlag=2 g_localInitApplied=0 g_dllExitPatchesSaved=0 g_tournamentPatchesSaved=0 g_renderContextSaved=1 g_savedRenderCtx=0x74AF6BC8 g_frameHookInstalled=1 initCount=0
[efz_netplay_mod][pid=4588] Tick_init_handshake: DestroyCurrentSession starting session=0x0D5993A0 role=2
[efz_netplay_mod][pid=4588] Tick_init_handshake: DestroyCurrentSession vtable=0x6C2D0404 (RVA 0x00090404)
[efz_netplay_mod][pid=4588] Tick_init_handshake: DestroyCurrentSession calling dtor vtable[0]=0x6C268B90 session=0x0D5993A0 role=2
[efz_netplay_mod][pid=4588] Tick_init_handshake: DestroyCurrentSession destructor completed
[efz_netplay_mod][pid=4588] ResetModeConstructorTrampolineCache: cleared 2 entries
[efz_netplay_mod][pid=4588] Tick_init_handshake: DestroyCurrentSession done session=0x0D5993A0 role=2 globalsZeroed=2
[efz_netplay_mod][pid=4588] Tick_init_handshake: about to save EXE hook bytes before init() mode=1 oldSession=0x00000000
[efz_netplay_mod][pid=4588] SaveExeFrameHookBytes: saved 10 bytes at 0x00401582 [E9 C1 EE B4 0C 90 90 90 90 90]
[efz_netplay_mod][pid=4588] SaveModeCtorOriginalBytesOnce: captured 0x00763E50=[C6 40 2D 00 8B 4D D0] 0x00763F04=[8B 4D D0 C6 41 2D 00]
[efz_netplay_mod][pid=4588] RestoreModeCtorOriginalBytes: restored 0x00763E50=[C6 40 2D 00 8B 4D D0] 0x00763F04=[8B 4D D0 C6 41 2D 00]
[efz_netplay_mod][pid=4588] ResetModeConstructorTrampolineCache: cleared 2 entries
[efz_netplay_mod][pid=4588] Tick_init_handshake: 0x401582 pre-init  [E9 C1 EE B4 0C 90 90 90 90 90]
[efz_netplay_mod][pid=4588] Tick_init_handshake: calling init(mode=1, magic=102)
[efz_netplay_mod][pid=4588] Tick_init_handshake: 0x401582 post-init [E9 D9 8C 59 10 90 90 90 90 90]
[efz_netplay_mod][pid=4588] Tick_init_handshake: restoring saved EXE hook bytes (mode=1)
[efz_netplay_mod][pid=4588] RestoreExeFrameHookBytes: restored 10 bytes at 0x00401582 [E9 C1 EE B4 0C 90 90 90 90 90]
[efz_netplay_mod][pid=4588] Tick_init_handshake: 0x401582 restored  [E9 C1 EE B4 0C 90 90 90 90 90]
[efz_netplay_mod][pid=4588] Tick_init_handshake: modeCtorFixup 0x00763E50 tramp=1099A360 orig=[C6 40 2D 00 8B 4D D0]
[efz_netplay_mod][pid=4588] Tick_init_handshake: modeCtorFixup 0x00763E50 no relative instructions found
[efz_netplay_mod][pid=4588] Tick_init_handshake: modeCtorFixup 0x00763F04 tramp=1099A4A0 orig=[8B 4D D0 C6 41 2D 00]
[efz_netplay_mod][pid=4588] Tick_init_handshake: modeCtorFixup 0x00763F04 no relative instructions found
[efz_netplay_mod][pid=4588] INIT_SNAP[Tick_init_post]: roleFlag=1 sessionPtr=0x108A4D08 initFlag=0 initByte=0x00 renderCtx=0x74AF6BC8 renderCtxBase=0x00000000 initOnceGuard=0x00000101 timerPtr=0x74AF6AD0 globalStatePtr=0x0DEB0048
[efz_netplay_mod][pid=4588] INIT_SNAP[Tick_init_post]: roleFlag[1]=0xA05F0 val=1814950748
[efz_netplay_mod][pid=4588] INIT_SNAP[Tick_init_post]: roleFlag[2]=0xA15FC val=0
[efz_netplay_mod][pid=4588] INIT_SNAP[Tick_init_post]: sessionPtr[1]=0xA02EC val=0x00000000
[efz_netplay_mod][pid=4588] INIT_SNAP[Tick_init_post]: session vtable=0x6C2D02E4 initComplete=0 activePlayer=-255 queuePlayer=57 inputDelay=25
[efz_netplay_mod][pid=4588] INIT_SNAP[Tick_init_post]: session currentFrame=49 gameModeSnap=11 matchId=29 sentinel=0 helperHandle=0x00000039
[efz_netplay_mod][pid=4588] INIT_SNAP[Tick_init_post]: session histPrimary=0x00000007 histSecondary=0x0F964BD8 histPrimaryVec=0x108A501C histSecondaryVec=0x108A5028
[efz_netplay_mod][pid=4588] INIT_SNAP[Tick_init_post]: session +4=278501976 +8=1 +12=277179288 +16=144 +36=0
[efz_netplay_mod][pid=4588] INIT_SNAP[Tick_init_post]: g_localRoleFlag=1 g_localInitApplied=1 g_dllExitPatchesSaved=0 g_tournamentPatchesSaved=0 g_renderContextSaved=1 g_savedRenderCtx=0x74AF6BC8 g_frameHookInstalled=1 initCount=0
[efz_netplay_mod][pid=4588] Takeover: local init(mode=1 magic=102) result=1699592 [deferred] oldSession=0x00000000 newSession=0x108A4D08
[efz_netplay_mod][pid=4588] Takeover: netplay role = Spectator
[efz_netplay_mod][pid=4588] INIT_SNAP[Tick_startInitPlayer_post]: roleFlag=1 sessionPtr=0x108A4D08 initFlag=0 initByte=0x00 renderCtx=0x74AF6BC8 renderCtxBase=0x00000000 initOnceGuard=0x00000101 timerPtr=0x74AF6AD0 globalStatePtr=0x0DEB0048
[efz_netplay_mod][pid=4588] INIT_SNAP[Tick_startInitPlayer_post]: roleFlag[1]=0xA05F0 val=1814950748
[efz_netplay_mod][pid=4588] INIT_SNAP[Tick_startInitPlayer_post]: roleFlag[2]=0xA15FC val=0
[efz_netplay_mod][pid=4588] INIT_SNAP[Tick_startInitPlayer_post]: sessionPtr[1]=0xA02EC val=0x00000000
[efz_netplay_mod][pid=4588] INIT_SNAP[Tick_startInitPlayer_post]: session vtable=0x6C2D02E4 initComplete=0 activePlayer=-255 queuePlayer=57 inputDelay=25
[efz_netplay_mod][pid=4588] INIT_SNAP[Tick_startInitPlayer_post]: session currentFrame=49 gameModeSnap=11 matchId=29 sentinel=0 helperHandle=0x00000039
[efz_netplay_mod][pid=4588] INIT_SNAP[Tick_startInitPlayer_post]: session histPrimary=0x00000007 histSecondary=0x0F964BD8 histPrimaryVec=0x108A501C histSecondaryVec=0x108A5028
[efz_netplay_mod][pid=4588] INIT_SNAP[Tick_startInitPlayer_post]: session +4=278501976 +8=1 +12=277179288 +16=144 +36=0
[efz_netplay_mod][pid=4588] INIT_SNAP[Tick_startInitPlayer_post]: g_localRoleFlag=1 g_localInitApplied=1 g_dllExitPatchesSaved=0 g_tournamentPatchesSaved=0 g_renderContextSaved=1 g_savedRenderCtx=0x74AF6BC8 g_frameHookInstalled=1 initCount=0
[efz_netplay_mod][pid=4588] Takeover: InvokeStartInitPlayer result=0 [deferred]
[efz_netplay_mod][pid=4588] Tick_spectate: InvokeSessionVtableInit vtable[1] 0x6C2B4650 called on session 0x108A4D08
[efz_netplay_mod][pid=4588] Takeover: spectator vtable init result=1 [deferred]
[efz_netplay_mod][pid=4588] INIT_SNAP[Tick_spectateVtable1_post]: roleFlag=1 sessionPtr=0x108A4D08 initFlag=0 initByte=0x00 renderCtx=0x74AF6BC8 renderCtxBase=0x00000000 initOnceGuard=0x00000101 timerPtr=0x74AF6AD0 globalStatePtr=0x0DEB0048
[efz_netplay_mod][pid=4588] INIT_SNAP[Tick_spectateVtable1_post]: roleFlag[1]=0xA05F0 val=1814950748
[efz_netplay_mod][pid=4588] INIT_SNAP[Tick_spectateVtable1_post]: roleFlag[2]=0xA15FC val=0
[efz_netplay_mod][pid=4588] INIT_SNAP[Tick_spectateVtable1_post]: sessionPtr[1]=0xA02EC val=0x00000000
[efz_netplay_mod][pid=4588] INIT_SNAP[Tick_spectateVtable1_post]: session vtable=0x6C2D02E4 initComplete=0 activePlayer=-255 queuePlayer=57 inputDelay=25
[efz_netplay_mod][pid=4588] INIT_SNAP[Tick_spectateVtable1_post]: session currentFrame=49 gameModeSnap=11 matchId=29 sentinel=0 helperHandle=0x00000039
[efz_netplay_mod][pid=4588] INIT_SNAP[Tick_spectateVtable1_post]: session histPrimary=0x00000007 histSecondary=0x0F964BD8 histPrimaryVec=0x108A501C histSecondaryVec=0x108A5028
[efz_netplay_mod][pid=4588] INIT_SNAP[Tick_spectateVtable1_post]: session +4=278501976 +8=1 +12=277179288 +16=144 +36=0
[efz_netplay_mod][pid=4588] INIT_SNAP[Tick_spectateVtable1_post]: g_localRoleFlag=1 g_localInitApplied=1 g_dllExitPatchesSaved=0 g_tournamentPatchesSaved=0 g_renderContextSaved=1 g_savedRenderCtx=0x74AF6BC8 g_frameHookInstalled=1 initCount=0
[efz_netplay_mod][pid=4588] Takeover: init snapshot step SaveAndApplyDllExitProcessPatches for mode=1 (to be reversed by RestoreDllExitProcessPatches on exit)
[efz_netplay_mod][pid=4588] SaveAndApplyDllExitProcessPatches: site 0 RVA 0x7909D: patched 0x74 -> 0xEB
[efz_netplay_mod][pid=4588] SaveAndApplyDllExitProcessPatches: site 1 RVA 0x7215D: patched 0x75 -> 0xEB
[efz_netplay_mod][pid=4588] SaveAndApplyDllExitProcessPatches: site 2 RVA 0x7231F: patched 0x74 -> 0xEB
[efz_netplay_mod][pid=4588] SaveAndApplyDllExitProcessPatches: near-Jcc 0 RVA 0x7251B: patched 0F 84 -> 6xNOP
[efz_netplay_mod][pid=4588] SaveAndApplyDllExitProcessPatches: near-Jcc 1 RVA 0x7252E: patched 0F 84 -> 6xNOP
[efz_netplay_mod][pid=4588] SaveAndApplyDllExitProcessPatches: near-Jcc 2 RVA 0x742E1: patched 0F 84 -> 6xNOP
[efz_netplay_mod][pid=4588] SaveAndApplyDllExitProcessPatches: near-Jcc 3 RVA 0x742F4: patched 0F 84 -> 6xNOP
[efz_netplay_mod][pid=4588] SaveAndApplyDllExitProcessPatches: near-Jcc 4 RVA 0x74301: patched 0F 84 -> 6xNOP
[efz_netplay_mod][pid=4588] SaveAndApplyDllExitProcessPatches: applied 3/3 single-byte + 5/5 near-Jcc patches
[efz_netplay_mod][pid=4588] SaveAndApplyDllExitProcessPatches: all patches verified OK
[efz_netplay_mod][pid=4588] Takeover: init snapshot complete for mode=1
[efz_netplay_mod][pid=4588] Takeover: flushed stale shared memory 'InputP1' head=0->60 tail=60
[efz_netplay_mod][pid=4588] Takeover: flushed stale shared memory 'InputP2' head=0->60 tail=60
[efz_netplay_mod][pid=4588] Takeover: flushed stale shared memory 'LoadMatch' head=0->1 tail=1
[efz_netplay_mod][pid=4588] INIT_SNAP[Tick_initSequence_complete]: roleFlag=1 sessionPtr=0x108A4D08 initFlag=0 initByte=0x00 renderCtx=0x74AF6BC8 renderCtxBase=0x00000000 initOnceGuard=0x00000101 timerPtr=0x74AF6AD0 globalStatePtr=0x0DEB0048
[efz_netplay_mod][pid=4588] INIT_SNAP[Tick_initSequence_complete]: roleFlag[1]=0xA05F0 val=1814950748
[efz_netplay_mod][pid=4588] INIT_SNAP[Tick_initSequence_complete]: roleFlag[2]=0xA15FC val=0
[efz_netplay_mod][pid=4588] INIT_SNAP[Tick_initSequence_complete]: sessionPtr[1]=0xA02EC val=0x00000000
[efz_netplay_mod][pid=4588] INIT_SNAP[Tick_initSequence_complete]: session vtable=0x6C2D02E4 initComplete=0 activePlayer=-255 queuePlayer=57 inputDelay=25
[efz_netplay_mod][pid=4588] INIT_SNAP[Tick_initSequence_complete]: session currentFrame=49 gameModeSnap=11 matchId=29 sentinel=0 helperHandle=0x00000039
[efz_netplay_mod][pid=4588] INIT_SNAP[Tick_initSequence_complete]: session histPrimary=0x00000007 histSecondary=0x0F964BD8 histPrimaryVec=0x108A501C histSecondaryVec=0x108A5028
[efz_netplay_mod][pid=4588] INIT_SNAP[Tick_initSequence_complete]: session +4=278501976 +8=1 +12=277179288 +16=144 +36=0
[efz_netplay_mod][pid=4588] INIT_SNAP[Tick_initSequence_complete]: g_localRoleFlag=1 g_localInitApplied=1 g_dllExitPatchesSaved=1 g_tournamentPatchesSaved=0 g_renderContextSaved=1 g_savedRenderCtx=0x74AF6BC8 g_frameHookInstalled=1 initCount=0
[efz_netplay_mod][pid=4588] DIAG[Tick_init_handshake_post]: dllExitPatchesSaved=1 tournamentPatchesSaved=0 renderContextSaved=1 savedRenderCtx=0x74AF6BC8
[efz_netplay_mod][pid=4588] DIAG[Tick_init_handshake_post]: dllBase=0x6C240000 roleFlag=1 sessionPtr=0x108A4D08 renderCtx=0x74AF6BC8 globalState=0x0DEB0048
[efz_netplay_mod][pid=4588] DIAG[Tick_init_handshake_post]: session vtable=0x6C2D02E4 initComplete=0 activePlayer=-255
[efz_netplay_mod][pid=4588] DIAG[Tick_init_handshake_post]: exitPatch[0] RVA=0x7909D byte=0xEB expected=0x74
[efz_netplay_mod][pid=4588] DIAG[Tick_init_handshake_post]: exitPatch[1] RVA=0x7215D byte=0xEB expected=0x75
[efz_netplay_mod][pid=4588] DIAG[Tick_init_handshake_post]: exitPatch[2] RVA=0x7231F byte=0xEB expected=0x74
[efz_netplay_mod][pid=4588] DIAG[Tick_init_handshake_post]: nearJccPatch[0] RVA=0x7251B bytes=90 90
[efz_netplay_mod][pid=4588] DIAG[Tick_init_handshake_post]: nearJccPatch[1] RVA=0x7252E bytes=90 90
[efz_netplay_mod][pid=4588] DIAG[Tick_init_handshake_post]: nearJccPatch[2] RVA=0x742E1 bytes=90 90
[efz_netplay_mod][pid=4588] DIAG[Tick_init_handshake_post]: nearJccPatch[3] RVA=0x742F4 bytes=90 90
[efz_netplay_mod][pid=4588] DIAG[Tick_init_handshake_post]: nearJccPatch[4] RVA=0x74301 bytes=90 90
[efz_netplay_mod][pid=4588] DIAG[Tick_init_handshake_post]: localRoleFlag=1 localInitApplied=1 exitIntercepted=0 exitMode=-1 frameHookInstalled=1 frameRecoveryPending=0 forceLocalPlayInitCount=0
[efz_netplay_mod][pid=4588] DIAG[Tick_init_handshake_post]: revivalProcess=0x00000780 revivalPid=12372 lastValidatedSession=0x108A4D08 lastSessionPtrOffset=0xA02CC
[efz_netplay_mod][pid=4588] Takeover: runtime-ready probe ready=0 source=none localInit=1 prompt=0 input=0 session=0 bind(pid=0 handle=0) syncReady=0 role=1
[efz_netplay_mod][pid=4588] Takeover: phase Connecting -> Connected reason=''
[efz_netplay_mod][pid=4588] Takeover: spectator promoted to connected (init applied, exit patches saved)
[efz_netplay_mod][pid=4588] StateExport: nicknames local='Player'->'Player' p1=''->'Aquatic' p2=''->'Aquatic_mod' seq=1043
[efz_netplay_mod][pid=4588] SpectateHandoff: triggered — role=1 init=1 phase=Connected sync(mode=0 flag1084=1 session=0 flags=0/4) confirmSerial=1/1 screen=0 menuSel=1 peerAlive=1
[efz_netplay_mod][pid=4588] Takeover: host revival base=0x6C240000
[efz_netplay_mod][pid=4588] Takeover: PrepareVsHumanHandoff roleSet=1 syncReady=0 mode=0 flag1084=1 sessionByte=0 flags=0/4 roleFlag=1
[efz_netplay_mod][pid=4588] SessionBridge: PrepareVsHumanHandoff result=1 sync(mode=0 flag1084=1 session=0 flags=0/4)
[efz_netplay_mod][pid=4588] HandoffSpectateSession: begin prepared=1 sync(mode=0 flag1084=1 session=0 flags=0/4 role=1)
[efz_netplay_mod][pid=4588] RunTransitionFadeOut: begin palette=237726374 baseVolume=0 volumeAdjustment=0
[efz_netplay_mod][pid=4588] RunTransitionFadeOut: complete result=1
[efz_netplay_mod][pid=4588] PrepareSpectateReplayState: screenContext=0x0E2B6A78 offset=0x43C menuSelection 1 -> 4 (Replay) screen=0
[efz_netplay_mod][pid=4588] PrepareVsHumanGameState: charselect full reset grid p1(0,0) p2(2,0) color=0/0 (obj=0x0E2B6ED0)
[efz_netplay_mod][pid=4588] PrepareVsHumanGameState: mode=4 secondaryMode=4 replaySession=0 rounds=2 cpuFlags=0/0 wins=0/0 match=0 continue=0 stage=0
[efz_netplay_mod][pid=4588] HandoffSpectateSession: verify menuSel=4 (expect 4) screen=0 (expect 0) role=1 (expect 1/spectate) syncMode=0 peerAlive=1
[efz_netplay_mod][pid=4588] StopCurrentBgm: reason=handoff_spectate_session gameSystem=0x0DEB0048 result=1
[efz_netplay_mod][pid=4588] RemoveNetplayWindowHook: restored
[efz_netplay_mod][pid=4588] HandoffSpectateSession: notifying lobby — setting inBattle=true (spectate path)
[efz_netplay_mod][pid=4588] LobbySession::NotifyMatchConnected: inBattle=true
[efz_netplay_mod][pid=4588] LobbySession: ConfirmAccept with no pending target, ignoring
[efz_netplay_mod][pid=4588] StateExport: STALL detected — 328 ms since last update (seq=1043 phase=3)
[efz_netplay_mod][pid=4588] StateExport: flow menu=1->0 charsel=0->0 match=0->0 screen=0 mode=3 phase=3 role=3 p1Wins=0 p2Wins=0
[efz_netplay_mod][pid=4588] StateExport: activity 1->0 screen=0 mode=3 phase=3 role=3 side=-1 p1='Aquatic' p2='Aquatic_mod' caps=0x25 sessionId=1 setId=0 seq=1044
[efz_netplay_mod][pid=4588] HandoffSpectateSession: queued global transition nextState=1 returnToNetplay=1
[efz_netplay_mod][pid=4588] NetplayTransition: returning spectate state=1 from netplay menu menuSel=4 screen=0
[efz_netplay_mod][pid=4588] StateExport: charsel p1CharId=255->6 locked=0->0 p2CharId=255->4 locked=0->0 cursor=255 seq=1045
[efz_netplay_mod][pid=4588] StateExport: flow menu=0->0 charsel=0->1 match=0->0 screen=1 mode=3 phase=3 role=3 p1Wins=0 p2Wins=0
[efz_netplay_mod][pid=4588] StateExport: activity 0->4 screen=1 mode=3 phase=3 role=3 side=-1 p1='Aquatic' p2='Aquatic_mod' caps=0x1E5 sessionId=1 setId=0 seq=1045
[efz_netplay_mod][pid=4588] StateExport:   charsel p1CharId=6 p2CharId=4 p1Locked=0 p2Locked=0 cursorChar=255
[efz_netplay_mod][pid=4588] SCREEN_MONITOR: index 0 -> 1 tick=86 mode=4/4 screenObj=0x0E2B6ED0 charselect(init=1 exit=0 obj=0x0E2B6ED0)
[efz_netplay_mod][pid=4588] StateExport: STALL detected — 344 ms since last update (seq=1045 phase=3)
[efz_netplay_mod][pid=4588] LobbySession::DoPollStatus: response='{"alias":"EFZ","challenges":[],"id":4877,"idle":[["Player",4]],"msg":"OK","playing":[["Aquatic_mod","Aquatic",1,2,"91.214.211.2:10800"]],"status":"OK"}
'
[efz_netplay_mod][pid=4588] LobbySession::DoPollStatus: response='{"alias":"EFZ","challenges":[],"id":4877,"idle":[["Player",4]],"msg":"OK","playing":[["Aquatic_mod","Aquatic",1,2,"91.214.211.2:10800"]],"status":"OK"}
'
[efz_netplay_mod][pid=4588] StateExport: heartbeat seq=1200 activity=4 menu=0 screen=1 mode=3 phase=3 role=3 side=-1 p1Wins=0 p2Wins=0 ping=-1 delay=-1 local='Player' p1='Aquatic' p2='Aquatic_mod' revival='1.02e' caps=0x1E5 sessionId=1 setId=0 endReason=0
[efz_netplay_mod][pid=4588] LobbySession::DoPollStatus: response='{"alias":"EFZ","challenges":[],"id":4877,"idle":[["Player",4]],"msg":"OK","playing":[["Aquatic_mod","Aquatic",1,2,"91.214.211.2:10800"]],"status":"OK"}
'
[efz_netplay_mod][pid=4588] LobbySession::DoPollStatus: response='{"alias":"EFZ","challenges":[],"id":4877,"idle":[["Player",4]],"msg":"OK","playing":[["Aquatic_mod","Aquatic",1,2,"91.214.211.2:10800"]],"status":"OK"}
'
[efz_netplay_mod][pid=4588] LobbySession::DoPollStatus: response='{"alias":"EFZ","challenges":[],"id":4877,"idle":[["Player",4]],"msg":"OK","playing":[["Aquatic_mod","Aquatic",1,2,"91.214.211.2:10800"]],"status":"OK"}
'
[efz_netplay_mod][pid=4588] TICK_HOOK: heartbeat frameTick=600 session=0x108A4D08 exeECX=0x0E2B6ED0 match=0
[efz_netplay_mod][pid=4588] LobbySession::DoPollStatus: response='{"alias":"EFZ","challenges":[],"id":4877,"idle":[["Player",4]],"msg":"OK","playing":[["Aquatic_mod","Aquatic",1,2,"91.214.211.2:10800"]],"status":"OK"}
'
[efz_netplay_mod][pid=4588] LobbySession::DoPollStatus: response='{"alias":"EFZ","challenges":[],"id":4877,"idle":[["Player",4]],"msg":"OK","playing":[["Aquatic_mod","Aquatic",1,2,"91.214.211.2:10800"]],"status":"OK"}
'
[efz_netplay_mod][pid=4588] StateExport: heartbeat seq=1800 activity=4 menu=0 screen=1 mode=3 phase=3 role=3 side=-1 p1Wins=0 p2Wins=0 ping=-1 delay=-1 local='Player' p1='Aquatic' p2='Aquatic_mod' revival='1.02e' caps=0x1E5 sessionId=1 setId=0 endReason=0
[efz_netplay_mod][pid=4588] LobbySession::DoPollStatus: response='{"alias":"EFZ","challenges":[],"id":4877,"idle":[["Player",4]],"msg":"OK","playing":[["Aquatic_mod","Aquatic",1,2,"91.214.211.2:10800"]],"status":"OK"}
'
[efz_netplay_mod][pid=4588] LobbySession::DoPollStatus: response='{"alias":"EFZ","challenges":[],"id":4877,"idle":[["Player",4]],"msg":"OK","playing":[["Aquatic_mod","Aquatic",1,2,"91.214.211.2:10800"]],"status":"OK"}
'
[efz_netplay_mod][pid=4588] LobbySession::DoPollStatus: response='{"alias":"EFZ","challenges":[],"id":4877,"idle":[["Player",4]],"msg":"OK","playing":[["Aquatic_mod","Aquatic",1,2,"91.214.211.2:10800"]],"status":"OK"}
'
[efz_netplay_mod][pid=4588] LobbySession::DoPollStatus: response='{"alias":"EFZ","challenges":[],"id":4877,"idle":[["Player",4]],"msg":"OK","playing":[["Aquatic_mod","Aquatic",1,2,"91.214.211.2:10800"]],"status":"OK"}
'
[efz_netplay_mod][pid=4588] TICK_HOOK: heartbeat frameTick=1200 session=0x108A4D08 exeECX=0x0E2B6ED0 match=0
[efz_netplay_mod][pid=4588] LobbySession::DoPollStatus: response='{"alias":"EFZ","challenges":[],"id":4877,"idle":[["Player",4]],"msg":"OK","playing":[["Aquatic_mod","Aquatic",1,2,"91.214.211.2:10800"]],"status":"OK"}
'
[efz_netplay_mod][pid=4588] LobbySession::DoPollStatus: response='{"alias":"EFZ","challenges":[],"id":4877,"idle":[["Player",4]],"msg":"OK","playing":[["Aquatic_mod","Aquatic",1,2,"91.214.211.2:10800"]],"status":"OK"}
'
[efz_netplay_mod][pid=4588] StateExport: heartbeat seq=2400 activity=4 menu=0 screen=1 mode=3 phase=3 role=3 side=-1 p1Wins=0 p2Wins=0 ping=-1 delay=-1 local='Player' p1='Aquatic' p2='Aquatic_mod' revival='1.02e' caps=0x1E5 sessionId=1 setId=0 endReason=0
[efz_netplay_mod][pid=4588] LobbySession::DoPollStatus: response='{"alias":"EFZ","challenges":[],"id":4877,"idle":[["Player",4]],"msg":"OK","playing":[["Aquatic_mod","Aquatic",1,2,"91.214.211.2:10800"]],"status":"OK"}
'
[efz_netplay_mod][pid=4588] LobbySession::DoPollStatus: response='{"alias":"EFZ","challenges":[],"id":4877,"idle":[["Player",4]],"msg":"OK","playing":[["Aquatic_mod","Aquatic",1,2,"91.214.211.2:10800"]],"status":"OK"}
'
[efz_netplay_mod][pid=4588] StateExport: STALL detected — 328 ms since last update (seq=2648 phase=3)
[efz_netplay_mod][pid=4588] StateExport: activity 4->5 screen=2 mode=3 phase=3 role=3 side=-1 p1='Aquatic' p2='Aquatic_mod' caps=0x1E7 sessionId=1 setId=0 seq=2649
[efz_netplay_mod][pid=4588] StateExport:   charsel p1CharId=6 p2CharId=4 p1Locked=0 p2Locked=0 cursorChar=255
[efz_netplay_mod][pid=4588] SCREEN_MONITOR: index 1 -> 2 tick=1690 mode=4/4 screenObj=0x0E2B7438 charselect(init=2 exit=0 obj=0x0E2B6ED0)
[efz_netplay_mod][pid=4588] LobbySession::DoPollStatus: response='{"alias":"EFZ","challenges":[],"id":4877,"idle":[["Player",4]],"msg":"OK","playing":[["Aquatic_mod","Aquatic",1,2,"91.214.211.2:10800"]],"status":"OK"}
'
[efz_netplay_mod][pid=4588] StateExport: STALL detected — 1094 ms since last update (seq=2649 phase=3)
[efz_netplay_mod][pid=4588] StateExport: charsel p1CharId=6->255 locked=0->0 p2CharId=4->255 locked=0->0 cursor=255 seq=2650
[efz_netplay_mod][pid=4588] StateExport: flow menu=0->0 charsel=1->0 match=0->1 screen=3 mode=3 phase=3 role=3 p1Wins=0 p2Wins=0
[efz_netplay_mod][pid=4588] StateExport: activity 5->6 screen=3 mode=3 phase=3 role=3 side=-1 p1='Aquatic' p2='Aquatic_mod' caps=0x2E7 sessionId=1 setId=0 seq=2650
[efz_netplay_mod][pid=4588] StateExport:   match round=1 isRoundActive=1 p1Wins=0 p2Wins=0
[efz_netplay_mod][pid=4588] SCREEN_MONITOR: index 2 -> 3 tick=1691 mode=5/1 screenObj=0x0E2B7878 charselect(init=2 exit=0 obj=0x0E2B6ED0)
[efz_netplay_mod][pid=4588] StateExport: STALL detected — 328 ms since last update (seq=2650 phase=3)
[efz_netplay_mod][pid=4588] LobbySession::DoPollStatus: response='{"alias":"EFZ","challenges":[],"id":4877,"idle":[["Player",4]],"msg":"OK","playing":[["Aquatic_mod","Aquatic",1,2,"91.214.211.2:10800"]],"status":"OK"}
'
[efz_netplay_mod][pid=4588] TICK_HOOK: heartbeat frameTick=1800 session=0x108A4D08 exeECX=0x0E2B7878 match=0
[efz_netplay_mod][pid=4588] LobbySession::DoPollStatus: response='{"alias":"EFZ","challenges":[],"id":4877,"idle":[["Player",4]],"msg":"OK","playing":[["Aquatic_mod","Aquatic",1,2,"91.214.211.2:10800"]],"status":"OK"}
'
[efz_netplay_mod][pid=4588] LobbySession::DoPollStatus: response='{"alias":"EFZ","challenges":[],"id":4877,"idle":[["Player",4]],"msg":"OK","playing":[["Aquatic_mod","Aquatic",1,2,"91.214.211.2:10800"]],"status":"OK"}
'
[efz_netplay_mod][pid=4588] StateExport: heartbeat seq=3000 activity=6 menu=0 screen=3 mode=3 phase=3 role=3 side=-1 p1Wins=0 p2Wins=0 ping=-1 delay=-1 local='Player' p1='Aquatic' p2='Aquatic_mod' revival='1.02e' caps=0x2E7 sessionId=1 setId=0 endReason=0
[efz_netplay_mod][pid=4588] LobbySession::DoPollStatus: response='{"alias":"EFZ","challenges":[],"id":4877,"idle":[["Player",4]],"msg":"OK","playing":[["Aquatic_mod","Aquatic",1,2,"91.214.211.2:10800"]],"status":"OK"}
'
[efz_netplay_mod][pid=4588] LobbySession::DoPollStatus: response='{"alias":"EFZ","challenges":[],"id":4877,"idle":[["Player",4]],"msg":"OK","playing":[["Aquatic_mod","Aquatic",1,2,"91.214.211.2:10800"]],"status":"OK"}
'
[efz_netplay_mod][pid=4588] LobbySession::DoPollStatus: response='{"alias":"EFZ","challenges":[],"id":4877,"idle":[["Player",4]],"msg":"OK","playing":[["Aquatic_mod","Aquatic",1,2,"91.214.211.2:10800"]],"status":"OK"}
'
[efz_netplay_mod][pid=4588] LobbySession::DoPollStatus: response='{"alias":"EFZ","challenges":[],"id":4877,"idle":[["Player",4]],"msg":"OK","playing":[["Aquatic_mod","Aquatic",1,2,"91.214.211.2:10800"]],"status":"OK"}
'
[efz_netplay_mod][pid=4588] TICK_HOOK: heartbeat frameTick=2400 session=0x108A4D08 exeECX=0x0E2B7878 match=0
[efz_netplay_mod][pid=4588] LobbySession::DoPollStatus: response='{"alias":"EFZ","challenges":[],"id":4877,"idle":[["Player",4]],"msg":"OK","playing":[["Aquatic_mod","Aquatic",1,2,"91.214.211.2:10800"]],"status":"OK"}
'
[efz_netplay_mod][pid=4588] LobbySession::DoPollStatus: response='{"alias":"EFZ","challenges":[],"id":4877,"idle":[["Player",4]],"msg":"OK","playing":[["Aquatic_mod","Aquatic",1,2,"91.214.211.2:10800"]],"status":"OK"}
'
[efz_netplay_mod][pid=4588] StateExport: heartbeat seq=3600 activity=6 menu=0 screen=3 mode=3 phase=3 role=3 side=-1 p1Wins=0 p2Wins=0 ping=-1 delay=-1 local='Player' p1='Aquatic' p2='Aquatic_mod' revival='1.02e' caps=0x2E7 sessionId=1 setId=0 endReason=0
[efz_netplay_mod][pid=4588] LobbySession::DoPollStatus: response='{"alias":"EFZ","challenges":[],"id":4877,"idle":[["Player",4]],"msg":"OK","playing":[["Aquatic_mod","Aquatic",1,2,"91.214.211.2:10800"]],"status":"OK"}
'
[efz_netplay_mod][pid=4588] LobbySession::DoPollStatus: response='{"alias":"EFZ","challenges":[],"id":4877,"idle":[["Player",4]],"msg":"OK","playing":[["Aquatic_mod","Aquatic",1,2,"91.214.211.2:10800"]],"status":"OK"}
'
[efz_netplay_mod][pid=4588] LobbySession::DoPollStatus: response='{"alias":"EFZ","challenges":[],"id":4877,"idle":[["Player",4]],"msg":"OK","playing":[["Aquatic_mod","Aquatic",1,2,"91.214.211.2:10800"]],"status":"OK"}
'
[efz_netplay_mod][pid=4588] TICK_HOOK: heartbeat frameTick=3000 session=0x108A4D08 exeECX=0x0E2B7878 match=0
[efz_netplay_mod][pid=4588] LobbySession::DoPollStatus: response='{"alias":"EFZ","challenges":[],"id":4877,"idle":[["Player",4]],"msg":"OK","playing":[["Aquatic_mod","Aquatic",1,2,"91.214.211.2:10800"]],"status":"OK"}
'
[efz_netplay_mod][pid=4588] LobbySession::DoPollStatus: response='{"alias":"EFZ","challenges":[],"id":4877,"idle":[["Player",4]],"msg":"OK","playing":[["Aquatic_mod","Aquatic",1,2,"91.214.211.2:10800"]],"status":"OK"}
'
[efz_netplay_mod][pid=4588] LobbySession::DoPollStatus: response='{"alias":"EFZ","challenges":[],"id":4877,"idle":[["Player",4]],"msg":"OK","playing":[["Aquatic_mod","Aquatic",1,2,"91.214.211.2:10800"]],"status":"OK"}
'
[efz_netplay_mod][pid=4588] StateExport: heartbeat seq=4200 activity=6 menu=0 screen=3 mode=3 phase=3 role=3 side=-1 p1Wins=0 p2Wins=0 ping=-1 delay=-1 local='Player' p1='Aquatic' p2='Aquatic_mod' revival='1.02e' caps=0x2E7 sessionId=1 setId=0 endReason=0
[efz_netplay_mod][pid=4588] LobbySession::DoPollStatus: response='{"alias":"EFZ","challenges":[],"id":4877,"idle":[["Player",4]],"msg":"OK","playing":[["Aquatic_mod","Aquatic",1,2,"91.214.211.2:10800"]],"status":"OK"}
'
[efz_netplay_mod][pid=4588] LobbySession::DoPollStatus: response='{"alias":"EFZ","challenges":[],"id":4877,"idle":[["Player",4]],"msg":"OK","playing":[["Aquatic_mod","Aquatic",1,2,"91.214.211.2:10800"]],"status":"OK"}
'
[efz_netplay_mod][pid=4588] Takeover: closing child job object handle=00000784
[efz_netplay_mod][pid=4588] CrashHandler: uninstalled
[efz_netplay_mod] logger shutting down
